

================================================================
== Vivado HLS Report for 'dense_resource_ap_fixed_ap_fixed_9_6_5_3_0_config8_s'
================================================================
* Date:           Tue Jun  1 19:11:43 2021

* Version:        2020.1.1 (Build 2951007 on Wed Aug 05 23:24:06 MDT 2020)
* Project:        myproject_prj
* Solution:       solution1
* Product family: virtexuplus
* Target device:  xcu250-figd2104-2L-e


================================================================
== Performance Estimates
================================================================
+ Timing: 
    * Summary: 
    +--------+---------+----------+------------+
    |  Clock |  Target | Estimated| Uncertainty|
    +--------+---------+----------+------------+
    |ap_clk  | 5.00 ns | 3.691 ns |   0.62 ns  |
    +--------+---------+----------+------------+

+ Latency: 
    * Summary: 
    +---------+---------+----------+----------+------+------+---------------------------------------------+
    |  Latency (cycles) |  Latency (absolute) |   Interval  |                   Pipeline                  |
    |   min   |   max   |    min   |    max   |  min |  max |                     Type                    |
    +---------+---------+----------+----------+------+------+---------------------------------------------+
    |     1001|     1002| 5.005 us | 5.010 us |  1000|  1000| loop rewind(delay=0 initiation interval(s)) |
    +---------+---------+----------+----------+------+------+---------------------------------------------+

    + Detail: 
        * Instance: 
        N/A

        * Loop: 
        +-------------+---------+---------+----------+-----------+-----------+------+----------+
        |             |  Latency (cycles) | Iteration|  Initiation Interval  | Trip |          |
        |  Loop Name  |   min   |   max   |  Latency |  achieved |   target  | Count| Pipelined|
        +-------------+---------+---------+----------+-----------+-----------+------+----------+
        |- ReuseLoop  |     1001|     1001|         3|          1|          1|  1000|    yes   |
        +-------------+---------+---------+----------+-----------+-----------+------+----------+



================================================================
== Utilization Estimates
================================================================
* Summary: 
+---------------------+---------+-------+---------+---------+------+
|         Name        | BRAM_18K| DSP48E|    FF   |   LUT   | URAM |
+---------------------+---------+-------+---------+---------+------+
|DSP                  |        -|      1|        -|        -|     -|
|Expression           |        -|      -|        0|      150|     -|
|FIFO                 |        -|      -|        -|        -|     -|
|Instance             |        -|      -|        0|      110|     -|
|Memory               |        2|      -|        0|        0|     -|
|Multiplexer          |        -|      -|        -|      570|     -|
|Register             |        -|      -|      447|        -|     -|
+---------------------+---------+-------+---------+---------+------+
|Total                |        2|      1|      447|      830|     0|
+---------------------+---------+-------+---------+---------+------+
|Available SLR        |     1344|   3072|   864000|   432000|   320|
+---------------------+---------+-------+---------+---------+------+
|Utilization SLR (%)  |    ~0   |   ~0  |    ~0   |    ~0   |     0|
+---------------------+---------+-------+---------+---------+------+
|Available            |     5376|  12288|  3456000|  1728000|  1280|
+---------------------+---------+-------+---------+---------+------+
|Utilization (%)      |    ~0   |   ~0  |    ~0   |    ~0   |     0|
+---------------------+---------+-------+---------+---------+------+

+ Detail: 
    * Instance: 
    +--------------------------------+---------------------------+---------+-------+---+----+-----+
    |            Instance            |           Module          | BRAM_18K| DSP48E| FF| LUT| URAM|
    +--------------------------------+---------------------------+---------+-------+---+----+-----+
    |myproject_mux_1007_16_1_1_U725  |myproject_mux_1007_16_1_1  |        0|      0|  0|  55|    0|
    |myproject_mux_104_16_1_1_U726   |myproject_mux_104_16_1_1   |        0|      0|  0|  55|    0|
    +--------------------------------+---------------------------+---------+-------+---+----+-----+
    |Total                           |                           |        0|      0|  0| 110|    0|
    +--------------------------------+---------------------------+---------+-------+---+----+-----+

    * DSP48E: 
    +---------------------------------------+----------------------------------+-----------+
    |                Instance               |              Module              | Expression|
    +---------------------------------------+----------------------------------+-----------+
    |myproject_mul_mul_11s_16s_26_1_1_U727  |myproject_mul_mul_11s_16s_26_1_1  |  i0 * i1  |
    +---------------------------------------+----------------------------------+-----------+

    * Memory: 
    +----------+-------------------------------------------------------------+---------+---+----+-----+------+-----+------+-------------+
    |  Memory  |                            Module                           | BRAM_18K| FF| LUT| URAM| Words| Bits| Banks| W*Bits*Banks|
    +----------+-------------------------------------------------------------+---------+---+----+-----+------+-----+------+-------------+
    |outidx_U  |dense_resource_ap_fixed_ap_fixed_9_6_5_3_0_config8_s_outidx  |        1|  0|   0|    0|  1000|    4|     1|         4000|
    |w8_V_U    |dense_resource_ap_fixed_ap_fixed_9_6_5_3_0_config8_s_w8_V    |        1|  0|   0|    0|  1000|   11|     1|        11000|
    +----------+-------------------------------------------------------------+---------+---+----+-----+------+-----+------+-------------+
    |Total     |                                                             |        2|  0|   0|    0|  2000|   15|     2|        15000|
    +----------+-------------------------------------------------------------+---------+---+----+-----+------+-----+------+-------------+

    * FIFO: 
    N/A

    * Expression: 
    +-------------------------+----------+-------+---+----+------------+------------+
    |      Variable Name      | Operation| DSP48E| FF| LUT| Bitwidth P0| Bitwidth P1|
    +-------------------------+----------+-------+---+----+------------+------------+
    |acc_0_V_fu_2746_p2       |     +    |      0|  0|  23|          16|          16|
    |in_index_fu_2679_p2      |     +    |      0|  0|  39|          32|           1|
    |w_index_fu_2673_p2       |     +    |      0|  0|  17|           1|          10|
    |ap_condition_303         |    and   |      0|  0|   2|           1|           1|
    |icmp_ln151_fu_2699_p2    |   icmp   |      0|  0|  13|          10|           6|
    |icmp_ln168_fu_2685_p2    |   icmp   |      0|  0|  20|          32|           7|
    |ap_block_state1          |    or    |      0|  0|   2|           1|           1|
    |select_ln168_fu_2691_p3  |  select  |      0|  0|  32|           1|           1|
    |ap_enable_pp0            |    xor   |      0|  0|   2|           1|           2|
    +-------------------------+----------+-------+---+----+------------+------------+
    |Total                    |          |      0|  0| 150|          95|          45|
    +-------------------------+----------+-------+---+----+------------+------------+

    * Multiplexer: 
    +------------------------------------------+----+-----------+-----+-----------+
    |                   Name                   | LUT| Input Size| Bits| Total Bits|
    +------------------------------------------+----+-----------+-----+-----------+
    |acc_0_V_026_reg_1197                      |   9|          2|   16|         32|
    |acc_1_V_025_reg_1211                      |   9|          2|   16|         32|
    |acc_2_V_024_reg_1225                      |   9|          2|   16|         32|
    |acc_3_V_023_reg_1239                      |   9|          2|   16|         32|
    |acc_4_V_022_reg_1253                      |   9|          2|   16|         32|
    |acc_5_V_021_reg_1267                      |   9|          2|   16|         32|
    |acc_6_V_020_reg_1281                      |   9|          2|   16|         32|
    |acc_7_V_019_reg_1295                      |   9|          2|   16|         32|
    |acc_8_V_018_reg_1309                      |   9|          2|   16|         32|
    |acc_9_V_017_reg_1323                      |   9|          2|   16|         32|
    |ap_NS_fsm                                 |  15|          3|    1|          3|
    |ap_done                                   |   9|          2|    1|          2|
    |ap_enable_reg_pp0_iter1                   |   9|          2|    1|          2|
    |ap_enable_reg_pp0_iter2                   |   9|          2|    1|          2|
    |ap_phi_mux_acc_0_V_1_phi_fu_1665_p20      |  15|          3|   16|         48|
    |ap_phi_mux_acc_1_V_1_phi_fu_1629_p20      |  15|          3|   16|         48|
    |ap_phi_mux_acc_2_V_1_phi_fu_1593_p20      |  15|          3|   16|         48|
    |ap_phi_mux_acc_3_V_1_phi_fu_1557_p20      |  15|          3|   16|         48|
    |ap_phi_mux_acc_4_V_1_phi_fu_1521_p20      |  15|          3|   16|         48|
    |ap_phi_mux_acc_5_V_1_phi_fu_1485_p20      |  15|          3|   16|         48|
    |ap_phi_mux_acc_6_V_1_phi_fu_1449_p20      |  15|          3|   16|         48|
    |ap_phi_mux_acc_7_V_1_phi_fu_1413_p20      |  15|          3|   16|         48|
    |ap_phi_mux_acc_8_V_1_phi_fu_1377_p20      |  15|          3|   16|         48|
    |ap_phi_mux_acc_9_V_1_phi_fu_1341_p20      |  15|          3|   16|         48|
    |ap_phi_mux_in_index_0_i47_phi_fu_1032_p6  |  15|          3|   32|         96|
    |ap_phi_mux_p_Val2_48_phi_fu_2025_p20      |  15|          3|   16|         48|
    |ap_phi_mux_p_Val2_49_phi_fu_1989_p20      |  15|          3|   16|         48|
    |ap_phi_mux_p_Val2_50_phi_fu_1953_p20      |  15|          3|   16|         48|
    |ap_phi_mux_p_Val2_51_phi_fu_1917_p20      |  15|          3|   16|         48|
    |ap_phi_mux_p_Val2_52_phi_fu_1881_p20      |  15|          3|   16|         48|
    |ap_phi_mux_p_Val2_53_phi_fu_1845_p20      |  15|          3|   16|         48|
    |ap_phi_mux_p_Val2_54_phi_fu_1809_p20      |  15|          3|   16|         48|
    |ap_phi_mux_p_Val2_55_phi_fu_1773_p20      |  15|          3|   16|         48|
    |ap_phi_mux_p_Val2_56_phi_fu_1737_p20      |  15|          3|   16|         48|
    |ap_phi_mux_p_Val2_57_phi_fu_1701_p20      |  15|          3|   16|         48|
    |ap_phi_mux_w_index48_phi_fu_1018_p6       |  15|          3|   10|         30|
    |in_index_0_i47_reg_1028                   |   9|          2|   32|         64|
    |p_Val2_3244_reg_1071                      |   9|          2|   16|         32|
    |p_Val2_3342_reg_1085                      |   9|          2|   16|         32|
    |p_Val2_3440_reg_1099                      |   9|          2|   16|         32|
    |p_Val2_3538_reg_1113                      |   9|          2|   16|         32|
    |p_Val2_3636_reg_1127                      |   9|          2|   16|         32|
    |p_Val2_3734_reg_1141                      |   9|          2|   16|         32|
    |p_Val2_3832_reg_1155                      |   9|          2|   16|         32|
    |p_Val2_3930_reg_1169                      |   9|          2|   16|         32|
    |p_Val2_4028_reg_1183                      |   9|          2|   16|         32|
    |p_Val2_46_reg_1057                        |   9|          2|   16|         32|
    |w_index48_reg_1014                        |   9|          2|   10|         20|
    +------------------------------------------+----+-----------+-----+-----------+
    |Total                                     | 570|        119|  728|       1819|
    +------------------------------------------+----+-----------+-----+-----------+

    * Register: 
    +-----------------------------------+----+----+-----+-----------+
    |                Name               | FF | LUT| Bits| Const Bits|
    +-----------------------------------+----+----+-----+-----------+
    |acc_0_V_026_reg_1197               |  16|   0|   16|          0|
    |acc_1_V_025_reg_1211               |  16|   0|   16|          0|
    |acc_2_V_024_reg_1225               |  16|   0|   16|          0|
    |acc_3_V_023_reg_1239               |  16|   0|   16|          0|
    |acc_4_V_022_reg_1253               |  16|   0|   16|          0|
    |acc_5_V_021_reg_1267               |  16|   0|   16|          0|
    |acc_6_V_020_reg_1281               |  16|   0|   16|          0|
    |acc_7_V_019_reg_1295               |  16|   0|   16|          0|
    |acc_8_V_018_reg_1309               |  16|   0|   16|          0|
    |acc_9_V_017_reg_1323               |  16|   0|   16|          0|
    |ap_CS_fsm                          |   2|   0|    2|          0|
    |ap_done_reg                        |   1|   0|    1|          0|
    |ap_enable_reg_pp0_iter1            |   1|   0|    1|          0|
    |ap_enable_reg_pp0_iter2            |   1|   0|    1|          0|
    |icmp_ln151_reg_2915                |   1|   0|    1|          0|
    |icmp_ln151_reg_2915_pp0_iter1_reg  |   1|   0|    1|          0|
    |in_index_0_i47_reg_1028            |  32|   0|   32|          0|
    |out_index_reg_2919                 |   4|   0|    4|          0|
    |p_Val2_3244_reg_1071               |  16|   0|   16|          0|
    |p_Val2_3342_reg_1085               |  16|   0|   16|          0|
    |p_Val2_3440_reg_1099               |  16|   0|   16|          0|
    |p_Val2_3538_reg_1113               |  16|   0|   16|          0|
    |p_Val2_3636_reg_1127               |  16|   0|   16|          0|
    |p_Val2_3734_reg_1141               |  16|   0|   16|          0|
    |p_Val2_3832_reg_1155               |  16|   0|   16|          0|
    |p_Val2_3930_reg_1169               |  16|   0|   16|          0|
    |p_Val2_4028_reg_1183               |  16|   0|   16|          0|
    |p_Val2_46_reg_1057                 |  16|   0|   16|          0|
    |select_ln168_reg_2910              |  32|   0|   32|          0|
    |tmp_4_reg_2895                     |  16|   0|   16|          0|
    |trunc_ln1_reg_2924                 |  16|   0|   16|          0|
    |w_index48_reg_1014                 |  10|   0|   10|          0|
    |w_index_reg_2905                   |  10|   0|   10|          0|
    +-----------------------------------+----+----+-----+-----------+
    |Total                              | 447|   0|  447|          0|
    +-----------------------------------+----+----+-----+-----------+



================================================================
== Interface
================================================================
* Summary: 
+----------------+-----+-----+------------+------------------------------------------------------+--------------+
|    RTL Ports   | Dir | Bits|  Protocol  |                     Source Object                    |    C Type    |
+----------------+-----+-----+------------+------------------------------------------------------+--------------+
|ap_clk          |  in |    1| ap_ctrl_hs | dense_resource<ap_fixed,ap_fixed<9,6,5,3,0>,config8> | return value |
|ap_rst          |  in |    1| ap_ctrl_hs | dense_resource<ap_fixed,ap_fixed<9,6,5,3,0>,config8> | return value |
|ap_start        |  in |    1| ap_ctrl_hs | dense_resource<ap_fixed,ap_fixed<9,6,5,3,0>,config8> | return value |
|ap_done         | out |    1| ap_ctrl_hs | dense_resource<ap_fixed,ap_fixed<9,6,5,3,0>,config8> | return value |
|ap_continue     |  in |    1| ap_ctrl_hs | dense_resource<ap_fixed,ap_fixed<9,6,5,3,0>,config8> | return value |
|ap_idle         | out |    1| ap_ctrl_hs | dense_resource<ap_fixed,ap_fixed<9,6,5,3,0>,config8> | return value |
|ap_ready        | out |    1| ap_ctrl_hs | dense_resource<ap_fixed,ap_fixed<9,6,5,3,0>,config8> | return value |
|data_0_V        |  in |   15|   ap_none  |                       data_0_V                       |    pointer   |
|data_1_V        |  in |   15|   ap_none  |                       data_1_V                       |    pointer   |
|data_2_V        |  in |   15|   ap_none  |                       data_2_V                       |    pointer   |
|data_3_V        |  in |   15|   ap_none  |                       data_3_V                       |    pointer   |
|data_4_V        |  in |   15|   ap_none  |                       data_4_V                       |    pointer   |
|data_5_V        |  in |   15|   ap_none  |                       data_5_V                       |    pointer   |
|data_6_V        |  in |   15|   ap_none  |                       data_6_V                       |    pointer   |
|data_7_V        |  in |   15|   ap_none  |                       data_7_V                       |    pointer   |
|data_8_V        |  in |   15|   ap_none  |                       data_8_V                       |    pointer   |
|data_9_V        |  in |   15|   ap_none  |                       data_9_V                       |    pointer   |
|data_10_V       |  in |   15|   ap_none  |                       data_10_V                      |    pointer   |
|data_11_V       |  in |   15|   ap_none  |                       data_11_V                      |    pointer   |
|data_12_V       |  in |   15|   ap_none  |                       data_12_V                      |    pointer   |
|data_13_V       |  in |   15|   ap_none  |                       data_13_V                      |    pointer   |
|data_14_V       |  in |   15|   ap_none  |                       data_14_V                      |    pointer   |
|data_15_V       |  in |   15|   ap_none  |                       data_15_V                      |    pointer   |
|data_16_V       |  in |   15|   ap_none  |                       data_16_V                      |    pointer   |
|data_17_V       |  in |   15|   ap_none  |                       data_17_V                      |    pointer   |
|data_18_V       |  in |   15|   ap_none  |                       data_18_V                      |    pointer   |
|data_19_V       |  in |   15|   ap_none  |                       data_19_V                      |    pointer   |
|data_20_V       |  in |   15|   ap_none  |                       data_20_V                      |    pointer   |
|data_21_V       |  in |   15|   ap_none  |                       data_21_V                      |    pointer   |
|data_22_V       |  in |   15|   ap_none  |                       data_22_V                      |    pointer   |
|data_23_V       |  in |   15|   ap_none  |                       data_23_V                      |    pointer   |
|data_24_V       |  in |   15|   ap_none  |                       data_24_V                      |    pointer   |
|data_25_V       |  in |   15|   ap_none  |                       data_25_V                      |    pointer   |
|data_26_V       |  in |   15|   ap_none  |                       data_26_V                      |    pointer   |
|data_27_V       |  in |   15|   ap_none  |                       data_27_V                      |    pointer   |
|data_28_V       |  in |   15|   ap_none  |                       data_28_V                      |    pointer   |
|data_29_V       |  in |   15|   ap_none  |                       data_29_V                      |    pointer   |
|data_30_V       |  in |   15|   ap_none  |                       data_30_V                      |    pointer   |
|data_31_V       |  in |   15|   ap_none  |                       data_31_V                      |    pointer   |
|data_32_V       |  in |   15|   ap_none  |                       data_32_V                      |    pointer   |
|data_33_V       |  in |   15|   ap_none  |                       data_33_V                      |    pointer   |
|data_34_V       |  in |   15|   ap_none  |                       data_34_V                      |    pointer   |
|data_35_V       |  in |   15|   ap_none  |                       data_35_V                      |    pointer   |
|data_36_V       |  in |   15|   ap_none  |                       data_36_V                      |    pointer   |
|data_37_V       |  in |   15|   ap_none  |                       data_37_V                      |    pointer   |
|data_38_V       |  in |   15|   ap_none  |                       data_38_V                      |    pointer   |
|data_39_V       |  in |   15|   ap_none  |                       data_39_V                      |    pointer   |
|data_40_V       |  in |   15|   ap_none  |                       data_40_V                      |    pointer   |
|data_41_V       |  in |   15|   ap_none  |                       data_41_V                      |    pointer   |
|data_42_V       |  in |   15|   ap_none  |                       data_42_V                      |    pointer   |
|data_43_V       |  in |   15|   ap_none  |                       data_43_V                      |    pointer   |
|data_44_V       |  in |   15|   ap_none  |                       data_44_V                      |    pointer   |
|data_45_V       |  in |   15|   ap_none  |                       data_45_V                      |    pointer   |
|data_46_V       |  in |   15|   ap_none  |                       data_46_V                      |    pointer   |
|data_47_V       |  in |   15|   ap_none  |                       data_47_V                      |    pointer   |
|data_48_V       |  in |   15|   ap_none  |                       data_48_V                      |    pointer   |
|data_49_V       |  in |   15|   ap_none  |                       data_49_V                      |    pointer   |
|data_50_V       |  in |   15|   ap_none  |                       data_50_V                      |    pointer   |
|data_51_V       |  in |   15|   ap_none  |                       data_51_V                      |    pointer   |
|data_52_V       |  in |   15|   ap_none  |                       data_52_V                      |    pointer   |
|data_53_V       |  in |   15|   ap_none  |                       data_53_V                      |    pointer   |
|data_54_V       |  in |   15|   ap_none  |                       data_54_V                      |    pointer   |
|data_55_V       |  in |   15|   ap_none  |                       data_55_V                      |    pointer   |
|data_56_V       |  in |   15|   ap_none  |                       data_56_V                      |    pointer   |
|data_57_V       |  in |   15|   ap_none  |                       data_57_V                      |    pointer   |
|data_58_V       |  in |   15|   ap_none  |                       data_58_V                      |    pointer   |
|data_59_V       |  in |   15|   ap_none  |                       data_59_V                      |    pointer   |
|data_60_V       |  in |   15|   ap_none  |                       data_60_V                      |    pointer   |
|data_61_V       |  in |   15|   ap_none  |                       data_61_V                      |    pointer   |
|data_62_V       |  in |   15|   ap_none  |                       data_62_V                      |    pointer   |
|data_63_V       |  in |   15|   ap_none  |                       data_63_V                      |    pointer   |
|data_64_V       |  in |   15|   ap_none  |                       data_64_V                      |    pointer   |
|data_65_V       |  in |   15|   ap_none  |                       data_65_V                      |    pointer   |
|data_66_V       |  in |   15|   ap_none  |                       data_66_V                      |    pointer   |
|data_67_V       |  in |   15|   ap_none  |                       data_67_V                      |    pointer   |
|data_68_V       |  in |   15|   ap_none  |                       data_68_V                      |    pointer   |
|data_69_V       |  in |   15|   ap_none  |                       data_69_V                      |    pointer   |
|data_70_V       |  in |   15|   ap_none  |                       data_70_V                      |    pointer   |
|data_71_V       |  in |   15|   ap_none  |                       data_71_V                      |    pointer   |
|data_72_V       |  in |   15|   ap_none  |                       data_72_V                      |    pointer   |
|data_73_V       |  in |   15|   ap_none  |                       data_73_V                      |    pointer   |
|data_74_V       |  in |   15|   ap_none  |                       data_74_V                      |    pointer   |
|data_75_V       |  in |   15|   ap_none  |                       data_75_V                      |    pointer   |
|data_76_V       |  in |   15|   ap_none  |                       data_76_V                      |    pointer   |
|data_77_V       |  in |   15|   ap_none  |                       data_77_V                      |    pointer   |
|data_78_V       |  in |   15|   ap_none  |                       data_78_V                      |    pointer   |
|data_79_V       |  in |   15|   ap_none  |                       data_79_V                      |    pointer   |
|data_80_V       |  in |   15|   ap_none  |                       data_80_V                      |    pointer   |
|data_81_V       |  in |   15|   ap_none  |                       data_81_V                      |    pointer   |
|data_82_V       |  in |   15|   ap_none  |                       data_82_V                      |    pointer   |
|data_83_V       |  in |   15|   ap_none  |                       data_83_V                      |    pointer   |
|data_84_V       |  in |   15|   ap_none  |                       data_84_V                      |    pointer   |
|data_85_V       |  in |   15|   ap_none  |                       data_85_V                      |    pointer   |
|data_86_V       |  in |   15|   ap_none  |                       data_86_V                      |    pointer   |
|data_87_V       |  in |   15|   ap_none  |                       data_87_V                      |    pointer   |
|data_88_V       |  in |   15|   ap_none  |                       data_88_V                      |    pointer   |
|data_89_V       |  in |   15|   ap_none  |                       data_89_V                      |    pointer   |
|data_90_V       |  in |   15|   ap_none  |                       data_90_V                      |    pointer   |
|data_91_V       |  in |   15|   ap_none  |                       data_91_V                      |    pointer   |
|data_92_V       |  in |   15|   ap_none  |                       data_92_V                      |    pointer   |
|data_93_V       |  in |   15|   ap_none  |                       data_93_V                      |    pointer   |
|data_94_V       |  in |   15|   ap_none  |                       data_94_V                      |    pointer   |
|data_95_V       |  in |   15|   ap_none  |                       data_95_V                      |    pointer   |
|data_96_V       |  in |   15|   ap_none  |                       data_96_V                      |    pointer   |
|data_97_V       |  in |   15|   ap_none  |                       data_97_V                      |    pointer   |
|data_98_V       |  in |   15|   ap_none  |                       data_98_V                      |    pointer   |
|data_99_V       |  in |   15|   ap_none  |                       data_99_V                      |    pointer   |
|res_0_V         | out |    9|   ap_vld   |                        res_0_V                       |    pointer   |
|res_0_V_ap_vld  | out |    1|   ap_vld   |                        res_0_V                       |    pointer   |
|res_1_V         | out |    9|   ap_vld   |                        res_1_V                       |    pointer   |
|res_1_V_ap_vld  | out |    1|   ap_vld   |                        res_1_V                       |    pointer   |
|res_2_V         | out |    9|   ap_vld   |                        res_2_V                       |    pointer   |
|res_2_V_ap_vld  | out |    1|   ap_vld   |                        res_2_V                       |    pointer   |
|res_3_V         | out |    9|   ap_vld   |                        res_3_V                       |    pointer   |
|res_3_V_ap_vld  | out |    1|   ap_vld   |                        res_3_V                       |    pointer   |
|res_4_V         | out |    9|   ap_vld   |                        res_4_V                       |    pointer   |
|res_4_V_ap_vld  | out |    1|   ap_vld   |                        res_4_V                       |    pointer   |
|res_5_V         | out |    9|   ap_vld   |                        res_5_V                       |    pointer   |
|res_5_V_ap_vld  | out |    1|   ap_vld   |                        res_5_V                       |    pointer   |
|res_6_V         | out |    9|   ap_vld   |                        res_6_V                       |    pointer   |
|res_6_V_ap_vld  | out |    1|   ap_vld   |                        res_6_V                       |    pointer   |
|res_7_V         | out |    9|   ap_vld   |                        res_7_V                       |    pointer   |
|res_7_V_ap_vld  | out |    1|   ap_vld   |                        res_7_V                       |    pointer   |
|res_8_V         | out |    9|   ap_vld   |                        res_8_V                       |    pointer   |
|res_8_V_ap_vld  | out |    1|   ap_vld   |                        res_8_V                       |    pointer   |
|res_9_V         | out |    9|   ap_vld   |                        res_9_V                       |    pointer   |
|res_9_V_ap_vld  | out |    1|   ap_vld   |                        res_9_V                       |    pointer   |
+----------------+-----+-----+------------+------------------------------------------------------+--------------+

