

================================================================
== Vivado HLS Report for 'dense_resource_ap_fixed_ap_fixed_16_6_5_3_0_config5_s'
================================================================
* Date:           Tue Jun  1 19:11:37 2021

* Version:        2020.1.1 (Build 2951007 on Wed Aug 05 23:24:06 MDT 2020)
* Project:        myproject_prj
* Solution:       solution1
* Product family: virtexuplus
* Target device:  xcu250-figd2104-2L-e


================================================================
== Performance Estimates
================================================================
+ Timing: 
    * Summary: 
    +--------+---------+----------+------------+
    |  Clock |  Target | Estimated| Uncertainty|
    +--------+---------+----------+------------+
    |ap_clk  | 5.00 ns | 3.691 ns |   0.62 ns  |
    +--------+---------+----------+------------+

+ Latency: 
    * Summary: 
    +---------+---------+-----------+-----------+-------+-------+---------------------------------------------+
    |  Latency (cycles) |   Latency (absolute)  |    Interval   |                   Pipeline                  |
    |   min   |   max   |    min    |    max    |  min  |  max  |                     Type                    |
    +---------+---------+-----------+-----------+-------+-------+---------------------------------------------+
    |    10001|    10002| 50.005 us | 50.010 us |  10000|  10000| loop rewind(delay=0 initiation interval(s)) |
    +---------+---------+-----------+-----------+-------+-------+---------------------------------------------+

    + Detail: 
        * Instance: 
        N/A

        * Loop: 
        +-------------+---------+---------+----------+-----------+-----------+-------+----------+
        |             |  Latency (cycles) | Iteration|  Initiation Interval  |  Trip |          |
        |  Loop Name  |   min   |   max   |  Latency |  achieved |   target  | Count | Pipelined|
        +-------------+---------+---------+----------+-----------+-----------+-------+----------+
        |- ReuseLoop  |    10001|    10001|         3|          1|          1|  10000|    yes   |
        +-------------+---------+---------+----------+-----------+-----------+-------+----------+



================================================================
== Utilization Estimates
================================================================
* Summary: 
+---------------------+---------+-------+---------+---------+------+
|         Name        | BRAM_18K| DSP48E|    FF   |   LUT   | URAM |
+---------------------+---------+-------+---------+---------+------+
|DSP                  |        -|      1|        -|        -|     -|
|Expression           |        -|      -|        0|      154|     -|
|FIFO                 |        -|      -|        -|        -|     -|
|Instance             |        -|      -|        0|      110|     -|
|Memory               |       13|      -|        0|        0|     -|
|Multiplexer          |        -|      -|        -|     4890|     -|
|Register             |        -|      -|     3338|        -|     -|
+---------------------+---------+-------+---------+---------+------+
|Total                |       13|      1|     3338|     5154|     0|
+---------------------+---------+-------+---------+---------+------+
|Available SLR        |     1344|   3072|   864000|   432000|   320|
+---------------------+---------+-------+---------+---------+------+
|Utilization SLR (%)  |    ~0   |   ~0  |    ~0   |        1|     0|
+---------------------+---------+-------+---------+---------+------+
|Available            |     5376|  12288|  3456000|  1728000|  1280|
+---------------------+---------+-------+---------+---------+------+
|Utilization (%)      |    ~0   |   ~0  |    ~0   |    ~0   |     0|
+---------------------+---------+-------+---------+---------+------+

+ Detail: 
    * Instance: 
    +--------------------------------+---------------------------+---------+-------+---+----+-----+
    |            Instance            |           Module          | BRAM_18K| DSP48E| FF| LUT| URAM|
    +--------------------------------+---------------------------+---------+-------+---+----+-----+
    |myproject_mux_1007_16_1_1_U319  |myproject_mux_1007_16_1_1  |        0|      0|  0|  55|    0|
    |myproject_mux_1007_16_1_1_U320  |myproject_mux_1007_16_1_1  |        0|      0|  0|  55|    0|
    +--------------------------------+---------------------------+---------+-------+---+----+-----+
    |Total                           |                           |        0|      0|  0| 110|    0|
    +--------------------------------+---------------------------+---------+-------+---+----+-----+

    * DSP48E: 
    +---------------------------------------+----------------------------------+-----------+
    |                Instance               |              Module              | Expression|
    +---------------------------------------+----------------------------------+-----------+
    |myproject_mul_mul_11s_16s_26_1_1_U321  |myproject_mul_mul_11s_16s_26_1_1  |  i0 * i1  |
    +---------------------------------------+----------------------------------+-----------+

    * Memory: 
    +-----------+--------------------------------------------------------------+---------+---+----+-----+-------+-----+------+-------------+
    |   Memory  |                            Module                            | BRAM_18K| FF| LUT| URAM| Words | Bits| Banks| W*Bits*Banks|
    +-----------+--------------------------------------------------------------+---------+---+----+-----+-------+-----+------+-------------+
    |outidx3_U  |dense_resource_ap_fixed_ap_fixed_16_6_5_3_0_config5_s_outcud  |        6|  0|   0|    0|  10000|    7|     1|        70000|
    |w5_V_U     |dense_resource_ap_fixed_ap_fixed_16_6_5_3_0_config5_s_w5_V    |        7|  0|   0|    0|  10000|   11|     1|       110000|
    +-----------+--------------------------------------------------------------+---------+---+----+-----+-------+-----+------+-------------+
    |Total      |                                                              |       13|  0|   0|    0|  20000|   18|     2|       180000|
    +-----------+--------------------------------------------------------------+---------+---+----+-----+-------+-----+------+-------------+

    * FIFO: 
    N/A

    * Expression: 
    +--------------------------+----------+-------+---+----+------------+------------+
    |       Variable Name      | Operation| DSP48E| FF| LUT| Bitwidth P0| Bitwidth P1|
    +--------------------------+----------+-------+---+----+------------+------------+
    |acc_0_V_fu_67112_p2       |     +    |      0|  0|  23|          16|          16|
    |in_index_fu_66865_p2      |     +    |      0|  0|  39|          32|           1|
    |w_index_fu_66859_p2       |     +    |      0|  0|  21|           1|          14|
    |ap_condition_1202         |    and   |      0|  0|   2|           1|           1|
    |icmp_ln151_fu_66885_p2    |   icmp   |      0|  0|  13|          14|          14|
    |icmp_ln168_fu_66871_p2    |   icmp   |      0|  0|  20|          32|           7|
    |ap_block_state1           |    or    |      0|  0|   2|           1|           1|
    |select_ln168_fu_66877_p3  |  select  |      0|  0|  32|           1|           1|
    |ap_enable_pp0             |    xor   |      0|  0|   2|           1|           2|
    +--------------------------+----------+-------+---+----+------------+------------+
    |Total                     |          |      0|  0| 154|          99|          57|
    +--------------------------+----------+-------+---+----+------------+------------+

    * Multiplexer: 
    +-------------------------------------------+----+-----------+-----+-----------+
    |                    Name                   | LUT| Input Size| Bits| Total Bits|
    +-------------------------------------------+----+-----------+-----+-----------+
    |acc_0_V_0116_reg_3543                      |   9|          2|   16|         32|
    |acc_10_V_0106_reg_3683                     |   9|          2|   16|         32|
    |acc_11_V_0105_reg_3697                     |   9|          2|   16|         32|
    |acc_12_V_0104_reg_3711                     |   9|          2|   16|         32|
    |acc_13_V_0103_reg_3725                     |   9|          2|   16|         32|
    |acc_14_V_0102_reg_3739                     |   9|          2|   16|         32|
    |acc_15_V_0101_reg_3753                     |   9|          2|   16|         32|
    |acc_16_V_0100_reg_3767                     |   9|          2|   16|         32|
    |acc_17_V_099_reg_3781                      |   9|          2|   16|         32|
    |acc_18_V_098_reg_3795                      |   9|          2|   16|         32|
    |acc_19_V_097_reg_3809                      |   9|          2|   16|         32|
    |acc_1_V_0115_reg_3557                      |   9|          2|   16|         32|
    |acc_20_V_096_reg_3823                      |   9|          2|   16|         32|
    |acc_21_V_095_reg_3837                      |   9|          2|   16|         32|
    |acc_22_V_094_reg_3851                      |   9|          2|   16|         32|
    |acc_23_V_093_reg_3865                      |   9|          2|   16|         32|
    |acc_24_V_092_reg_3879                      |   9|          2|   16|         32|
    |acc_25_V_091_reg_3893                      |   9|          2|   16|         32|
    |acc_26_V_090_reg_3907                      |   9|          2|   16|         32|
    |acc_27_V_089_reg_3921                      |   9|          2|   16|         32|
    |acc_28_V_088_reg_3935                      |   9|          2|   16|         32|
    |acc_29_V_087_reg_3949                      |   9|          2|   16|         32|
    |acc_2_V_0114_reg_3571                      |   9|          2|   16|         32|
    |acc_30_V_086_reg_3963                      |   9|          2|   16|         32|
    |acc_31_V_085_reg_3977                      |   9|          2|   16|         32|
    |acc_32_V_084_reg_3991                      |   9|          2|   16|         32|
    |acc_33_V_083_reg_4005                      |   9|          2|   16|         32|
    |acc_34_V_082_reg_4019                      |   9|          2|   16|         32|
    |acc_35_V_081_reg_4033                      |   9|          2|   16|         32|
    |acc_36_V_080_reg_4047                      |   9|          2|   16|         32|
    |acc_37_V_079_reg_4061                      |   9|          2|   16|         32|
    |acc_38_V_078_reg_4075                      |   9|          2|   16|         32|
    |acc_39_V_077_reg_4089                      |   9|          2|   16|         32|
    |acc_3_V_0113_reg_3585                      |   9|          2|   16|         32|
    |acc_40_V_076_reg_4103                      |   9|          2|   16|         32|
    |acc_41_V_075_reg_4117                      |   9|          2|   16|         32|
    |acc_42_V_074_reg_4131                      |   9|          2|   16|         32|
    |acc_43_V_073_reg_4145                      |   9|          2|   16|         32|
    |acc_44_V_072_reg_4159                      |   9|          2|   16|         32|
    |acc_45_V_071_reg_4173                      |   9|          2|   16|         32|
    |acc_46_V_070_reg_4187                      |   9|          2|   16|         32|
    |acc_47_V_069_reg_4201                      |   9|          2|   16|         32|
    |acc_48_V_068_reg_4215                      |   9|          2|   16|         32|
    |acc_49_V_067_reg_4229                      |   9|          2|   16|         32|
    |acc_4_V_0112_reg_3599                      |   9|          2|   16|         32|
    |acc_50_V_066_reg_4243                      |   9|          2|   16|         32|
    |acc_51_V_065_reg_4257                      |   9|          2|   16|         32|
    |acc_52_V_064_reg_4271                      |   9|          2|   16|         32|
    |acc_53_V_063_reg_4285                      |   9|          2|   16|         32|
    |acc_54_V_062_reg_4299                      |   9|          2|   16|         32|
    |acc_55_V_061_reg_4313                      |   9|          2|   16|         32|
    |acc_56_V_060_reg_4327                      |   9|          2|   16|         32|
    |acc_57_V_059_reg_4341                      |   9|          2|   16|         32|
    |acc_58_V_058_reg_4355                      |   9|          2|   16|         32|
    |acc_59_V_057_reg_4369                      |   9|          2|   16|         32|
    |acc_5_V_0111_reg_3613                      |   9|          2|   16|         32|
    |acc_60_V_056_reg_4383                      |   9|          2|   16|         32|
    |acc_61_V_055_reg_4397                      |   9|          2|   16|         32|
    |acc_62_V_054_reg_4411                      |   9|          2|   16|         32|
    |acc_63_V_053_reg_4425                      |   9|          2|   16|         32|
    |acc_64_V_052_reg_4439                      |   9|          2|   16|         32|
    |acc_65_V_051_reg_4453                      |   9|          2|   16|         32|
    |acc_66_V_050_reg_4467                      |   9|          2|   16|         32|
    |acc_67_V_049_reg_4481                      |   9|          2|   16|         32|
    |acc_68_V_048_reg_4495                      |   9|          2|   16|         32|
    |acc_69_V_047_reg_4509                      |   9|          2|   16|         32|
    |acc_6_V_0110_reg_3627                      |   9|          2|   16|         32|
    |acc_70_V_046_reg_4523                      |   9|          2|   16|         32|
    |acc_71_V_045_reg_4537                      |   9|          2|   16|         32|
    |acc_72_V_044_reg_4551                      |   9|          2|   16|         32|
    |acc_73_V_043_reg_4565                      |   9|          2|   16|         32|
    |acc_74_V_042_reg_4579                      |   9|          2|   16|         32|
    |acc_75_V_041_reg_4593                      |   9|          2|   16|         32|
    |acc_76_V_040_reg_4607                      |   9|          2|   16|         32|
    |acc_77_V_039_reg_4621                      |   9|          2|   16|         32|
    |acc_78_V_038_reg_4635                      |   9|          2|   16|         32|
    |acc_79_V_037_reg_4649                      |   9|          2|   16|         32|
    |acc_7_V_0109_reg_3641                      |   9|          2|   16|         32|
    |acc_80_V_036_reg_4663                      |   9|          2|   16|         32|
    |acc_81_V_035_reg_4677                      |   9|          2|   16|         32|
    |acc_82_V_034_reg_4691                      |   9|          2|   16|         32|
    |acc_83_V_033_reg_4705                      |   9|          2|   16|         32|
    |acc_84_V_032_reg_4719                      |   9|          2|   16|         32|
    |acc_85_V_031_reg_4733                      |   9|          2|   16|         32|
    |acc_86_V_030_reg_4747                      |   9|          2|   16|         32|
    |acc_87_V_029_reg_4761                      |   9|          2|   16|         32|
    |acc_88_V_028_reg_4775                      |   9|          2|   16|         32|
    |acc_89_V_027_reg_4789                      |   9|          2|   16|         32|
    |acc_8_V_0108_reg_3655                      |   9|          2|   16|         32|
    |acc_90_V_026_reg_4803                      |   9|          2|   16|         32|
    |acc_91_V_025_reg_4817                      |   9|          2|   16|         32|
    |acc_92_V_024_reg_4831                      |   9|          2|   16|         32|
    |acc_93_V_023_reg_4845                      |   9|          2|   16|         32|
    |acc_94_V_022_reg_4859                      |   9|          2|   16|         32|
    |acc_95_V_021_reg_4873                      |   9|          2|   16|         32|
    |acc_96_V_020_reg_4887                      |   9|          2|   16|         32|
    |acc_97_V_019_reg_4901                      |   9|          2|   16|         32|
    |acc_98_V_018_reg_4915                      |   9|          2|   16|         32|
    |acc_99_V_017_reg_4929                      |   9|          2|   16|         32|
    |acc_9_V_0107_reg_3669                      |   9|          2|   16|         32|
    |ap_NS_fsm                                  |  15|          3|    1|          3|
    |ap_done                                    |   9|          2|    1|          2|
    |ap_enable_reg_pp0_iter1                    |   9|          2|    1|          2|
    |ap_enable_reg_pp0_iter2                    |   9|          2|    1|          2|
    |ap_phi_mux_acc_0_V_1_phi_fu_35241_p200     |  15|          3|   16|         48|
    |ap_phi_mux_acc_10_V_1_phi_fu_32181_p200    |  15|          3|   16|         48|
    |ap_phi_mux_acc_11_V_1_phi_fu_31875_p200    |  15|          3|   16|         48|
    |ap_phi_mux_acc_12_V_1_phi_fu_31569_p200    |  15|          3|   16|         48|
    |ap_phi_mux_acc_13_V_1_phi_fu_31263_p200    |  15|          3|   16|         48|
    |ap_phi_mux_acc_14_V_1_phi_fu_30957_p200    |  15|          3|   16|         48|
    |ap_phi_mux_acc_15_V_1_phi_fu_30651_p200    |  15|          3|   16|         48|
    |ap_phi_mux_acc_16_V_1_phi_fu_30345_p200    |  15|          3|   16|         48|
    |ap_phi_mux_acc_17_V_1_phi_fu_30039_p200    |  15|          3|   16|         48|
    |ap_phi_mux_acc_18_V_1_phi_fu_29733_p200    |  15|          3|   16|         48|
    |ap_phi_mux_acc_19_V_1_phi_fu_29427_p200    |  15|          3|   16|         48|
    |ap_phi_mux_acc_1_V_1_phi_fu_34935_p200     |  15|          3|   16|         48|
    |ap_phi_mux_acc_20_V_1_phi_fu_29121_p200    |  15|          3|   16|         48|
    |ap_phi_mux_acc_21_V_1_phi_fu_28815_p200    |  15|          3|   16|         48|
    |ap_phi_mux_acc_22_V_1_phi_fu_28509_p200    |  15|          3|   16|         48|
    |ap_phi_mux_acc_23_V_1_phi_fu_28203_p200    |  15|          3|   16|         48|
    |ap_phi_mux_acc_24_V_1_phi_fu_27897_p200    |  15|          3|   16|         48|
    |ap_phi_mux_acc_25_V_1_phi_fu_27591_p200    |  15|          3|   16|         48|
    |ap_phi_mux_acc_26_V_1_phi_fu_27285_p200    |  15|          3|   16|         48|
    |ap_phi_mux_acc_27_V_1_phi_fu_26979_p200    |  15|          3|   16|         48|
    |ap_phi_mux_acc_28_V_1_phi_fu_26673_p200    |  15|          3|   16|         48|
    |ap_phi_mux_acc_29_V_1_phi_fu_26367_p200    |  15|          3|   16|         48|
    |ap_phi_mux_acc_2_V_1_phi_fu_34629_p200     |  15|          3|   16|         48|
    |ap_phi_mux_acc_30_V_1_phi_fu_26061_p200    |  15|          3|   16|         48|
    |ap_phi_mux_acc_31_V_1_phi_fu_25755_p200    |  15|          3|   16|         48|
    |ap_phi_mux_acc_32_V_1_phi_fu_25449_p200    |  15|          3|   16|         48|
    |ap_phi_mux_acc_33_V_1_phi_fu_25143_p200    |  15|          3|   16|         48|
    |ap_phi_mux_acc_34_V_1_phi_fu_24837_p200    |  15|          3|   16|         48|
    |ap_phi_mux_acc_35_V_1_phi_fu_24531_p200    |  15|          3|   16|         48|
    |ap_phi_mux_acc_36_V_1_phi_fu_24225_p200    |  15|          3|   16|         48|
    |ap_phi_mux_acc_37_V_1_phi_fu_23919_p200    |  15|          3|   16|         48|
    |ap_phi_mux_acc_38_V_1_phi_fu_23613_p200    |  15|          3|   16|         48|
    |ap_phi_mux_acc_39_V_1_phi_fu_23307_p200    |  15|          3|   16|         48|
    |ap_phi_mux_acc_3_V_1_phi_fu_34323_p200     |  15|          3|   16|         48|
    |ap_phi_mux_acc_40_V_1_phi_fu_23001_p200    |  15|          3|   16|         48|
    |ap_phi_mux_acc_41_V_1_phi_fu_22695_p200    |  15|          3|   16|         48|
    |ap_phi_mux_acc_42_V_1_phi_fu_22389_p200    |  15|          3|   16|         48|
    |ap_phi_mux_acc_43_V_1_phi_fu_22083_p200    |  15|          3|   16|         48|
    |ap_phi_mux_acc_44_V_1_phi_fu_21777_p200    |  15|          3|   16|         48|
    |ap_phi_mux_acc_45_V_1_phi_fu_21471_p200    |  15|          3|   16|         48|
    |ap_phi_mux_acc_46_V_1_phi_fu_21165_p200    |  15|          3|   16|         48|
    |ap_phi_mux_acc_47_V_1_phi_fu_20859_p200    |  15|          3|   16|         48|
    |ap_phi_mux_acc_48_V_1_phi_fu_20553_p200    |  15|          3|   16|         48|
    |ap_phi_mux_acc_49_V_1_phi_fu_20247_p200    |  15|          3|   16|         48|
    |ap_phi_mux_acc_4_V_1_phi_fu_34017_p200     |  15|          3|   16|         48|
    |ap_phi_mux_acc_50_V_1_phi_fu_19941_p200    |  15|          3|   16|         48|
    |ap_phi_mux_acc_51_V_1_phi_fu_19635_p200    |  15|          3|   16|         48|
    |ap_phi_mux_acc_52_V_1_phi_fu_19329_p200    |  15|          3|   16|         48|
    |ap_phi_mux_acc_53_V_1_phi_fu_19023_p200    |  15|          3|   16|         48|
    |ap_phi_mux_acc_54_V_1_phi_fu_18717_p200    |  15|          3|   16|         48|
    |ap_phi_mux_acc_55_V_1_phi_fu_18411_p200    |  15|          3|   16|         48|
    |ap_phi_mux_acc_56_V_1_phi_fu_18105_p200    |  15|          3|   16|         48|
    |ap_phi_mux_acc_57_V_1_phi_fu_17799_p200    |  15|          3|   16|         48|
    |ap_phi_mux_acc_58_V_1_phi_fu_17493_p200    |  15|          3|   16|         48|
    |ap_phi_mux_acc_59_V_1_phi_fu_17187_p200    |  15|          3|   16|         48|
    |ap_phi_mux_acc_5_V_1_phi_fu_33711_p200     |  15|          3|   16|         48|
    |ap_phi_mux_acc_60_V_1_phi_fu_16881_p200    |  15|          3|   16|         48|
    |ap_phi_mux_acc_61_V_1_phi_fu_16575_p200    |  15|          3|   16|         48|
    |ap_phi_mux_acc_62_V_1_phi_fu_16269_p200    |  15|          3|   16|         48|
    |ap_phi_mux_acc_63_V_1_phi_fu_15963_p200    |  15|          3|   16|         48|
    |ap_phi_mux_acc_64_V_1_phi_fu_15657_p200    |  15|          3|   16|         48|
    |ap_phi_mux_acc_65_V_1_phi_fu_15351_p200    |  15|          3|   16|         48|
    |ap_phi_mux_acc_66_V_1_phi_fu_15045_p200    |  15|          3|   16|         48|
    |ap_phi_mux_acc_67_V_1_phi_fu_14739_p200    |  15|          3|   16|         48|
    |ap_phi_mux_acc_68_V_1_phi_fu_14433_p200    |  15|          3|   16|         48|
    |ap_phi_mux_acc_69_V_1_phi_fu_14127_p200    |  15|          3|   16|         48|
    |ap_phi_mux_acc_6_V_1_phi_fu_33405_p200     |  15|          3|   16|         48|
    |ap_phi_mux_acc_70_V_1_phi_fu_13821_p200    |  15|          3|   16|         48|
    |ap_phi_mux_acc_71_V_1_phi_fu_13515_p200    |  15|          3|   16|         48|
    |ap_phi_mux_acc_72_V_1_phi_fu_13209_p200    |  15|          3|   16|         48|
    |ap_phi_mux_acc_73_V_1_phi_fu_12903_p200    |  15|          3|   16|         48|
    |ap_phi_mux_acc_74_V_1_phi_fu_12597_p200    |  15|          3|   16|         48|
    |ap_phi_mux_acc_75_V_1_phi_fu_12291_p200    |  15|          3|   16|         48|
    |ap_phi_mux_acc_76_V_1_phi_fu_11985_p200    |  15|          3|   16|         48|
    |ap_phi_mux_acc_77_V_1_phi_fu_11679_p200    |  15|          3|   16|         48|
    |ap_phi_mux_acc_78_V_1_phi_fu_11373_p200    |  15|          3|   16|         48|
    |ap_phi_mux_acc_79_V_1_phi_fu_11067_p200    |  15|          3|   16|         48|
    |ap_phi_mux_acc_7_V_1_phi_fu_33099_p200     |  15|          3|   16|         48|
    |ap_phi_mux_acc_80_V_1_phi_fu_10761_p200    |  15|          3|   16|         48|
    |ap_phi_mux_acc_81_V_1_phi_fu_10455_p200    |  15|          3|   16|         48|
    |ap_phi_mux_acc_82_V_1_phi_fu_10149_p200    |  15|          3|   16|         48|
    |ap_phi_mux_acc_83_V_1_phi_fu_9843_p200     |  15|          3|   16|         48|
    |ap_phi_mux_acc_84_V_1_phi_fu_9537_p200     |  15|          3|   16|         48|
    |ap_phi_mux_acc_85_V_1_phi_fu_9231_p200     |  15|          3|   16|         48|
    |ap_phi_mux_acc_86_V_1_phi_fu_8925_p200     |  15|          3|   16|         48|
    |ap_phi_mux_acc_87_V_1_phi_fu_8619_p200     |  15|          3|   16|         48|
    |ap_phi_mux_acc_88_V_1_phi_fu_8313_p200     |  15|          3|   16|         48|
    |ap_phi_mux_acc_89_V_1_phi_fu_8007_p200     |  15|          3|   16|         48|
    |ap_phi_mux_acc_8_V_1_phi_fu_32793_p200     |  15|          3|   16|         48|
    |ap_phi_mux_acc_90_V_1_phi_fu_7701_p200     |  15|          3|   16|         48|
    |ap_phi_mux_acc_91_V_1_phi_fu_7395_p200     |  15|          3|   16|         48|
    |ap_phi_mux_acc_92_V_1_phi_fu_7089_p200     |  15|          3|   16|         48|
    |ap_phi_mux_acc_93_V_1_phi_fu_6783_p200     |  15|          3|   16|         48|
    |ap_phi_mux_acc_94_V_1_phi_fu_6477_p200     |  15|          3|   16|         48|
    |ap_phi_mux_acc_95_V_1_phi_fu_6171_p200     |  15|          3|   16|         48|
    |ap_phi_mux_acc_96_V_1_phi_fu_5865_p200     |  15|          3|   16|         48|
    |ap_phi_mux_acc_97_V_1_phi_fu_5559_p200     |  15|          3|   16|         48|
    |ap_phi_mux_acc_98_V_1_phi_fu_5253_p200     |  15|          3|   16|         48|
    |ap_phi_mux_acc_99_V_1_phi_fu_4947_p200     |  15|          3|   16|         48|
    |ap_phi_mux_acc_9_V_1_phi_fu_32487_p200     |  15|          3|   16|         48|
    |ap_phi_mux_in_index_0_i317_phi_fu_2133_p6  |  15|          3|   32|         96|
    |ap_phi_mux_p_0_020406_phi_fu_65940_p200    |  15|          3|   16|         48|
    |ap_phi_mux_p_0_1020426_phi_fu_62870_p200   |  15|          3|   16|         48|
    |ap_phi_mux_p_0_1120428_phi_fu_62563_p200   |  15|          3|   16|         48|
    |ap_phi_mux_p_0_120408_phi_fu_65633_p200    |  15|          3|   16|         48|
    |ap_phi_mux_p_0_1220430_phi_fu_62256_p200   |  15|          3|   16|         48|
    |ap_phi_mux_p_0_1320432_phi_fu_61949_p200   |  15|          3|   16|         48|
    |ap_phi_mux_p_0_1420434_phi_fu_61642_p200   |  15|          3|   16|         48|
    |ap_phi_mux_p_0_1520436_phi_fu_61335_p200   |  15|          3|   16|         48|
    |ap_phi_mux_p_0_1620438_phi_fu_61028_p200   |  15|          3|   16|         48|
    |ap_phi_mux_p_0_1720440_phi_fu_60721_p200   |  15|          3|   16|         48|
    |ap_phi_mux_p_0_1820442_phi_fu_60414_p200   |  15|          3|   16|         48|
    |ap_phi_mux_p_0_1920444_phi_fu_60107_p200   |  15|          3|   16|         48|
    |ap_phi_mux_p_0_2020446_phi_fu_59800_p200   |  15|          3|   16|         48|
    |ap_phi_mux_p_0_2120448_phi_fu_59493_p200   |  15|          3|   16|         48|
    |ap_phi_mux_p_0_220410_phi_fu_65326_p200    |  15|          3|   16|         48|
    |ap_phi_mux_p_0_2220450_phi_fu_59186_p200   |  15|          3|   16|         48|
    |ap_phi_mux_p_0_2320452_phi_fu_58879_p200   |  15|          3|   16|         48|
    |ap_phi_mux_p_0_2420454_phi_fu_58572_p200   |  15|          3|   16|         48|
    |ap_phi_mux_p_0_2520456_phi_fu_58265_p200   |  15|          3|   16|         48|
    |ap_phi_mux_p_0_2620458_phi_fu_57958_p200   |  15|          3|   16|         48|
    |ap_phi_mux_p_0_2720460_phi_fu_57651_p200   |  15|          3|   16|         48|
    |ap_phi_mux_p_0_2820462_phi_fu_57344_p200   |  15|          3|   16|         48|
    |ap_phi_mux_p_0_2920464_phi_fu_57037_p200   |  15|          3|   16|         48|
    |ap_phi_mux_p_0_3020466_phi_fu_56730_p200   |  15|          3|   16|         48|
    |ap_phi_mux_p_0_3120468_phi_fu_56423_p200   |  15|          3|   16|         48|
    |ap_phi_mux_p_0_320412_phi_fu_65019_p200    |  15|          3|   16|         48|
    |ap_phi_mux_p_0_3220470_phi_fu_56116_p200   |  15|          3|   16|         48|
    |ap_phi_mux_p_0_3320472_phi_fu_55809_p200   |  15|          3|   16|         48|
    |ap_phi_mux_p_0_3420474_phi_fu_55502_p200   |  15|          3|   16|         48|
    |ap_phi_mux_p_0_3520476_phi_fu_55195_p200   |  15|          3|   16|         48|
    |ap_phi_mux_p_0_3620478_phi_fu_54888_p200   |  15|          3|   16|         48|
    |ap_phi_mux_p_0_3720480_phi_fu_54581_p200   |  15|          3|   16|         48|
    |ap_phi_mux_p_0_3820482_phi_fu_54274_p200   |  15|          3|   16|         48|
    |ap_phi_mux_p_0_3920484_phi_fu_53967_p200   |  15|          3|   16|         48|
    |ap_phi_mux_p_0_4020486_phi_fu_53660_p200   |  15|          3|   16|         48|
    |ap_phi_mux_p_0_4120488_phi_fu_53353_p200   |  15|          3|   16|         48|
    |ap_phi_mux_p_0_420414_phi_fu_64712_p200    |  15|          3|   16|         48|
    |ap_phi_mux_p_0_4220490_phi_fu_53046_p200   |  15|          3|   16|         48|
    |ap_phi_mux_p_0_4320492_phi_fu_52739_p200   |  15|          3|   16|         48|
    |ap_phi_mux_p_0_4420494_phi_fu_52432_p200   |  15|          3|   16|         48|
    |ap_phi_mux_p_0_4520496_phi_fu_52125_p200   |  15|          3|   16|         48|
    |ap_phi_mux_p_0_4620498_phi_fu_51818_p200   |  15|          3|   16|         48|
    |ap_phi_mux_p_0_4720500_phi_fu_51511_p200   |  15|          3|   16|         48|
    |ap_phi_mux_p_0_4820502_phi_fu_51204_p200   |  15|          3|   16|         48|
    |ap_phi_mux_p_0_4920504_phi_fu_50897_p200   |  15|          3|   16|         48|
    |ap_phi_mux_p_0_5020506_phi_fu_50590_p200   |  15|          3|   16|         48|
    |ap_phi_mux_p_0_5120508_phi_fu_50283_p200   |  15|          3|   16|         48|
    |ap_phi_mux_p_0_520416_phi_fu_64405_p200    |  15|          3|   16|         48|
    |ap_phi_mux_p_0_5220510_phi_fu_49976_p200   |  15|          3|   16|         48|
    |ap_phi_mux_p_0_5320512_phi_fu_49669_p200   |  15|          3|   16|         48|
    |ap_phi_mux_p_0_5420514_phi_fu_49362_p200   |  15|          3|   16|         48|
    |ap_phi_mux_p_0_5520516_phi_fu_49055_p200   |  15|          3|   16|         48|
    |ap_phi_mux_p_0_5620518_phi_fu_48748_p200   |  15|          3|   16|         48|
    |ap_phi_mux_p_0_5720520_phi_fu_48441_p200   |  15|          3|   16|         48|
    |ap_phi_mux_p_0_5820522_phi_fu_48134_p200   |  15|          3|   16|         48|
    |ap_phi_mux_p_0_5920524_phi_fu_47827_p200   |  15|          3|   16|         48|
    |ap_phi_mux_p_0_6020526_phi_fu_47520_p200   |  15|          3|   16|         48|
    |ap_phi_mux_p_0_6120528_phi_fu_47213_p200   |  15|          3|   16|         48|
    |ap_phi_mux_p_0_620418_phi_fu_64098_p200    |  15|          3|   16|         48|
    |ap_phi_mux_p_0_6220530_phi_fu_46906_p200   |  15|          3|   16|         48|
    |ap_phi_mux_p_0_6320532_phi_fu_46599_p200   |  15|          3|   16|         48|
    |ap_phi_mux_p_0_6420534_phi_fu_46292_p200   |  15|          3|   16|         48|
    |ap_phi_mux_p_0_6520536_phi_fu_45985_p200   |  15|          3|   16|         48|
    |ap_phi_mux_p_0_6620538_phi_fu_45678_p200   |  15|          3|   16|         48|
    |ap_phi_mux_p_0_6720540_phi_fu_45371_p200   |  15|          3|   16|         48|
    |ap_phi_mux_p_0_6820542_phi_fu_45064_p200   |  15|          3|   16|         48|
    |ap_phi_mux_p_0_6920544_phi_fu_44757_p200   |  15|          3|   16|         48|
    |ap_phi_mux_p_0_7020546_phi_fu_44450_p200   |  15|          3|   16|         48|
    |ap_phi_mux_p_0_7120548_phi_fu_44143_p200   |  15|          3|   16|         48|
    |ap_phi_mux_p_0_720420_phi_fu_63791_p200    |  15|          3|   16|         48|
    |ap_phi_mux_p_0_7220550_phi_fu_43836_p200   |  15|          3|   16|         48|
    |ap_phi_mux_p_0_7320552_phi_fu_43529_p200   |  15|          3|   16|         48|
    |ap_phi_mux_p_0_7420554_phi_fu_43222_p200   |  15|          3|   16|         48|
    |ap_phi_mux_p_0_7520556_phi_fu_42915_p200   |  15|          3|   16|         48|
    |ap_phi_mux_p_0_7620558_phi_fu_42608_p200   |  15|          3|   16|         48|
    |ap_phi_mux_p_0_7720560_phi_fu_42301_p200   |  15|          3|   16|         48|
    |ap_phi_mux_p_0_7820562_phi_fu_41994_p200   |  15|          3|   16|         48|
    |ap_phi_mux_p_0_7920564_phi_fu_41687_p200   |  15|          3|   16|         48|
    |ap_phi_mux_p_0_8020566_phi_fu_41380_p200   |  15|          3|   16|         48|
    |ap_phi_mux_p_0_8120568_phi_fu_41073_p200   |  15|          3|   16|         48|
    |ap_phi_mux_p_0_820422_phi_fu_63484_p200    |  15|          3|   16|         48|
    |ap_phi_mux_p_0_8220570_phi_fu_40766_p200   |  15|          3|   16|         48|
    |ap_phi_mux_p_0_8320572_phi_fu_40459_p200   |  15|          3|   16|         48|
    |ap_phi_mux_p_0_8420574_phi_fu_40152_p200   |  15|          3|   16|         48|
    |ap_phi_mux_p_0_8520576_phi_fu_39845_p200   |  15|          3|   16|         48|
    |ap_phi_mux_p_0_8620578_phi_fu_39538_p200   |  15|          3|   16|         48|
    |ap_phi_mux_p_0_8720580_phi_fu_39231_p200   |  15|          3|   16|         48|
    |ap_phi_mux_p_0_8820582_phi_fu_38924_p200   |  15|          3|   16|         48|
    |ap_phi_mux_p_0_8920584_phi_fu_38617_p200   |  15|          3|   16|         48|
    |ap_phi_mux_p_0_9020586_phi_fu_38310_p200   |  15|          3|   16|         48|
    |ap_phi_mux_p_0_9120588_phi_fu_38003_p200   |  15|          3|   16|         48|
    |ap_phi_mux_p_0_920424_phi_fu_63177_p200    |  15|          3|   16|         48|
    |ap_phi_mux_p_0_9220590_phi_fu_37696_p200   |  15|          3|   16|         48|
    |ap_phi_mux_p_0_9320592_phi_fu_37389_p200   |  15|          3|   16|         48|
    |ap_phi_mux_p_0_9420594_phi_fu_37082_p200   |  15|          3|   16|         48|
    |ap_phi_mux_p_0_9520596_phi_fu_36775_p200   |  15|          3|   16|         48|
    |ap_phi_mux_p_0_9620598_phi_fu_36468_p200   |  15|          3|   16|         48|
    |ap_phi_mux_p_0_9720600_phi_fu_36161_p200   |  15|          3|   16|         48|
    |ap_phi_mux_p_0_9820602_phi_fu_35854_p200   |  15|          3|   16|         48|
    |ap_phi_mux_p_0_9920604_phi_fu_35547_p200   |  15|          3|   16|         48|
    |ap_phi_mux_w_index318_phi_fu_2119_p6       |  15|          3|   14|         42|
    |in_index_0_i317_reg_2129                   |   9|          2|   32|         64|
    |p_0_0316_reg_2143                          |   9|          2|   16|         32|
    |p_0_10296_reg_2283                         |   9|          2|   16|         32|
    |p_0_11294_reg_2297                         |   9|          2|   16|         32|
    |p_0_12292_reg_2311                         |   9|          2|   16|         32|
    |p_0_1314_reg_2157                          |   9|          2|   16|         32|
    |p_0_13290_reg_2325                         |   9|          2|   16|         32|
    |p_0_14288_reg_2339                         |   9|          2|   16|         32|
    |p_0_15286_reg_2353                         |   9|          2|   16|         32|
    |p_0_16284_reg_2367                         |   9|          2|   16|         32|
    |p_0_17282_reg_2381                         |   9|          2|   16|         32|
    |p_0_18280_reg_2395                         |   9|          2|   16|         32|
    |p_0_19278_reg_2409                         |   9|          2|   16|         32|
    |p_0_20276_reg_2423                         |   9|          2|   16|         32|
    |p_0_21274_reg_2437                         |   9|          2|   16|         32|
    |p_0_22272_reg_2451                         |   9|          2|   16|         32|
    |p_0_2312_reg_2171                          |   9|          2|   16|         32|
    |p_0_23270_reg_2465                         |   9|          2|   16|         32|
    |p_0_24268_reg_2479                         |   9|          2|   16|         32|
    |p_0_25266_reg_2493                         |   9|          2|   16|         32|
    |p_0_26264_reg_2507                         |   9|          2|   16|         32|
    |p_0_27262_reg_2521                         |   9|          2|   16|         32|
    |p_0_28260_reg_2535                         |   9|          2|   16|         32|
    |p_0_29258_reg_2549                         |   9|          2|   16|         32|
    |p_0_30256_reg_2563                         |   9|          2|   16|         32|
    |p_0_31254_reg_2577                         |   9|          2|   16|         32|
    |p_0_32252_reg_2591                         |   9|          2|   16|         32|
    |p_0_3310_reg_2185                          |   9|          2|   16|         32|
    |p_0_33250_reg_2605                         |   9|          2|   16|         32|
    |p_0_34248_reg_2619                         |   9|          2|   16|         32|
    |p_0_35246_reg_2633                         |   9|          2|   16|         32|
    |p_0_36244_reg_2647                         |   9|          2|   16|         32|
    |p_0_37242_reg_2661                         |   9|          2|   16|         32|
    |p_0_38240_reg_2675                         |   9|          2|   16|         32|
    |p_0_39238_reg_2689                         |   9|          2|   16|         32|
    |p_0_40236_reg_2703                         |   9|          2|   16|         32|
    |p_0_41234_reg_2717                         |   9|          2|   16|         32|
    |p_0_42232_reg_2731                         |   9|          2|   16|         32|
    |p_0_4308_reg_2199                          |   9|          2|   16|         32|
    |p_0_43230_reg_2745                         |   9|          2|   16|         32|
    |p_0_44228_reg_2759                         |   9|          2|   16|         32|
    |p_0_45226_reg_2773                         |   9|          2|   16|         32|
    |p_0_46224_reg_2787                         |   9|          2|   16|         32|
    |p_0_47222_reg_2801                         |   9|          2|   16|         32|
    |p_0_48220_reg_2815                         |   9|          2|   16|         32|
    |p_0_49218_reg_2829                         |   9|          2|   16|         32|
    |p_0_50216_reg_2843                         |   9|          2|   16|         32|
    |p_0_51214_reg_2857                         |   9|          2|   16|         32|
    |p_0_52212_reg_2871                         |   9|          2|   16|         32|
    |p_0_5306_reg_2213                          |   9|          2|   16|         32|
    |p_0_53210_reg_2885                         |   9|          2|   16|         32|
    |p_0_54208_reg_2899                         |   9|          2|   16|         32|
    |p_0_55206_reg_2913                         |   9|          2|   16|         32|
    |p_0_56204_reg_2927                         |   9|          2|   16|         32|
    |p_0_57202_reg_2941                         |   9|          2|   16|         32|
    |p_0_58200_reg_2955                         |   9|          2|   16|         32|
    |p_0_59198_reg_2969                         |   9|          2|   16|         32|
    |p_0_60196_reg_2983                         |   9|          2|   16|         32|
    |p_0_61194_reg_2997                         |   9|          2|   16|         32|
    |p_0_62192_reg_3011                         |   9|          2|   16|         32|
    |p_0_6304_reg_2227                          |   9|          2|   16|         32|
    |p_0_63190_reg_3025                         |   9|          2|   16|         32|
    |p_0_64188_reg_3039                         |   9|          2|   16|         32|
    |p_0_65186_reg_3053                         |   9|          2|   16|         32|
    |p_0_66184_reg_3067                         |   9|          2|   16|         32|
    |p_0_67182_reg_3081                         |   9|          2|   16|         32|
    |p_0_68180_reg_3095                         |   9|          2|   16|         32|
    |p_0_69178_reg_3109                         |   9|          2|   16|         32|
    |p_0_70176_reg_3123                         |   9|          2|   16|         32|
    |p_0_71174_reg_3137                         |   9|          2|   16|         32|
    |p_0_72172_reg_3151                         |   9|          2|   16|         32|
    |p_0_7302_reg_2241                          |   9|          2|   16|         32|
    |p_0_73170_reg_3165                         |   9|          2|   16|         32|
    |p_0_74168_reg_3179                         |   9|          2|   16|         32|
    |p_0_75166_reg_3193                         |   9|          2|   16|         32|
    |p_0_76164_reg_3207                         |   9|          2|   16|         32|
    |p_0_77162_reg_3221                         |   9|          2|   16|         32|
    |p_0_78160_reg_3235                         |   9|          2|   16|         32|
    |p_0_79158_reg_3249                         |   9|          2|   16|         32|
    |p_0_80156_reg_3263                         |   9|          2|   16|         32|
    |p_0_81154_reg_3277                         |   9|          2|   16|         32|
    |p_0_82152_reg_3291                         |   9|          2|   16|         32|
    |p_0_8300_reg_2255                          |   9|          2|   16|         32|
    |p_0_83150_reg_3305                         |   9|          2|   16|         32|
    |p_0_84148_reg_3319                         |   9|          2|   16|         32|
    |p_0_85146_reg_3333                         |   9|          2|   16|         32|
    |p_0_86144_reg_3347                         |   9|          2|   16|         32|
    |p_0_87142_reg_3361                         |   9|          2|   16|         32|
    |p_0_88140_reg_3375                         |   9|          2|   16|         32|
    |p_0_89138_reg_3389                         |   9|          2|   16|         32|
    |p_0_90136_reg_3403                         |   9|          2|   16|         32|
    |p_0_91134_reg_3417                         |   9|          2|   16|         32|
    |p_0_92132_reg_3431                         |   9|          2|   16|         32|
    |p_0_9298_reg_2269                          |   9|          2|   16|         32|
    |p_0_93130_reg_3445                         |   9|          2|   16|         32|
    |p_0_94128_reg_3459                         |   9|          2|   16|         32|
    |p_0_95126_reg_3473                         |   9|          2|   16|         32|
    |p_0_96124_reg_3487                         |   9|          2|   16|         32|
    |p_0_97122_reg_3501                         |   9|          2|   16|         32|
    |p_0_98120_reg_3515                         |   9|          2|   16|         32|
    |p_0_99118_reg_3529                         |   9|          2|   16|         32|
    |w_index318_reg_2115                        |   9|          2|   14|         28|
    +-------------------------------------------+----+-----------+-----+-----------+
    |Total                                      |4890|       1019| 6496|      16239|
    +-------------------------------------------+----+-----------+-----+-----------+

    * Register: 
    +------------------------------------+----+----+-----+-----------+
    |                Name                | FF | LUT| Bits| Const Bits|
    +------------------------------------+----+----+-----+-----------+
    |acc_0_V_0116_reg_3543               |  16|   0|   16|          0|
    |acc_10_V_0106_reg_3683              |  16|   0|   16|          0|
    |acc_11_V_0105_reg_3697              |  16|   0|   16|          0|
    |acc_12_V_0104_reg_3711              |  16|   0|   16|          0|
    |acc_13_V_0103_reg_3725              |  16|   0|   16|          0|
    |acc_14_V_0102_reg_3739              |  16|   0|   16|          0|
    |acc_15_V_0101_reg_3753              |  16|   0|   16|          0|
    |acc_16_V_0100_reg_3767              |  16|   0|   16|          0|
    |acc_17_V_099_reg_3781               |  16|   0|   16|          0|
    |acc_18_V_098_reg_3795               |  16|   0|   16|          0|
    |acc_19_V_097_reg_3809               |  16|   0|   16|          0|
    |acc_1_V_0115_reg_3557               |  16|   0|   16|          0|
    |acc_20_V_096_reg_3823               |  16|   0|   16|          0|
    |acc_21_V_095_reg_3837               |  16|   0|   16|          0|
    |acc_22_V_094_reg_3851               |  16|   0|   16|          0|
    |acc_23_V_093_reg_3865               |  16|   0|   16|          0|
    |acc_24_V_092_reg_3879               |  16|   0|   16|          0|
    |acc_25_V_091_reg_3893               |  16|   0|   16|          0|
    |acc_26_V_090_reg_3907               |  16|   0|   16|          0|
    |acc_27_V_089_reg_3921               |  16|   0|   16|          0|
    |acc_28_V_088_reg_3935               |  16|   0|   16|          0|
    |acc_29_V_087_reg_3949               |  16|   0|   16|          0|
    |acc_2_V_0114_reg_3571               |  16|   0|   16|          0|
    |acc_30_V_086_reg_3963               |  16|   0|   16|          0|
    |acc_31_V_085_reg_3977               |  16|   0|   16|          0|
    |acc_32_V_084_reg_3991               |  16|   0|   16|          0|
    |acc_33_V_083_reg_4005               |  16|   0|   16|          0|
    |acc_34_V_082_reg_4019               |  16|   0|   16|          0|
    |acc_35_V_081_reg_4033               |  16|   0|   16|          0|
    |acc_36_V_080_reg_4047               |  16|   0|   16|          0|
    |acc_37_V_079_reg_4061               |  16|   0|   16|          0|
    |acc_38_V_078_reg_4075               |  16|   0|   16|          0|
    |acc_39_V_077_reg_4089               |  16|   0|   16|          0|
    |acc_3_V_0113_reg_3585               |  16|   0|   16|          0|
    |acc_40_V_076_reg_4103               |  16|   0|   16|          0|
    |acc_41_V_075_reg_4117               |  16|   0|   16|          0|
    |acc_42_V_074_reg_4131               |  16|   0|   16|          0|
    |acc_43_V_073_reg_4145               |  16|   0|   16|          0|
    |acc_44_V_072_reg_4159               |  16|   0|   16|          0|
    |acc_45_V_071_reg_4173               |  16|   0|   16|          0|
    |acc_46_V_070_reg_4187               |  16|   0|   16|          0|
    |acc_47_V_069_reg_4201               |  16|   0|   16|          0|
    |acc_48_V_068_reg_4215               |  16|   0|   16|          0|
    |acc_49_V_067_reg_4229               |  16|   0|   16|          0|
    |acc_4_V_0112_reg_3599               |  16|   0|   16|          0|
    |acc_50_V_066_reg_4243               |  16|   0|   16|          0|
    |acc_51_V_065_reg_4257               |  16|   0|   16|          0|
    |acc_52_V_064_reg_4271               |  16|   0|   16|          0|
    |acc_53_V_063_reg_4285               |  16|   0|   16|          0|
    |acc_54_V_062_reg_4299               |  16|   0|   16|          0|
    |acc_55_V_061_reg_4313               |  16|   0|   16|          0|
    |acc_56_V_060_reg_4327               |  16|   0|   16|          0|
    |acc_57_V_059_reg_4341               |  16|   0|   16|          0|
    |acc_58_V_058_reg_4355               |  16|   0|   16|          0|
    |acc_59_V_057_reg_4369               |  16|   0|   16|          0|
    |acc_5_V_0111_reg_3613               |  16|   0|   16|          0|
    |acc_60_V_056_reg_4383               |  16|   0|   16|          0|
    |acc_61_V_055_reg_4397               |  16|   0|   16|          0|
    |acc_62_V_054_reg_4411               |  16|   0|   16|          0|
    |acc_63_V_053_reg_4425               |  16|   0|   16|          0|
    |acc_64_V_052_reg_4439               |  16|   0|   16|          0|
    |acc_65_V_051_reg_4453               |  16|   0|   16|          0|
    |acc_66_V_050_reg_4467               |  16|   0|   16|          0|
    |acc_67_V_049_reg_4481               |  16|   0|   16|          0|
    |acc_68_V_048_reg_4495               |  16|   0|   16|          0|
    |acc_69_V_047_reg_4509               |  16|   0|   16|          0|
    |acc_6_V_0110_reg_3627               |  16|   0|   16|          0|
    |acc_70_V_046_reg_4523               |  16|   0|   16|          0|
    |acc_71_V_045_reg_4537               |  16|   0|   16|          0|
    |acc_72_V_044_reg_4551               |  16|   0|   16|          0|
    |acc_73_V_043_reg_4565               |  16|   0|   16|          0|
    |acc_74_V_042_reg_4579               |  16|   0|   16|          0|
    |acc_75_V_041_reg_4593               |  16|   0|   16|          0|
    |acc_76_V_040_reg_4607               |  16|   0|   16|          0|
    |acc_77_V_039_reg_4621               |  16|   0|   16|          0|
    |acc_78_V_038_reg_4635               |  16|   0|   16|          0|
    |acc_79_V_037_reg_4649               |  16|   0|   16|          0|
    |acc_7_V_0109_reg_3641               |  16|   0|   16|          0|
    |acc_80_V_036_reg_4663               |  16|   0|   16|          0|
    |acc_81_V_035_reg_4677               |  16|   0|   16|          0|
    |acc_82_V_034_reg_4691               |  16|   0|   16|          0|
    |acc_83_V_033_reg_4705               |  16|   0|   16|          0|
    |acc_84_V_032_reg_4719               |  16|   0|   16|          0|
    |acc_85_V_031_reg_4733               |  16|   0|   16|          0|
    |acc_86_V_030_reg_4747               |  16|   0|   16|          0|
    |acc_87_V_029_reg_4761               |  16|   0|   16|          0|
    |acc_88_V_028_reg_4775               |  16|   0|   16|          0|
    |acc_89_V_027_reg_4789               |  16|   0|   16|          0|
    |acc_8_V_0108_reg_3655               |  16|   0|   16|          0|
    |acc_90_V_026_reg_4803               |  16|   0|   16|          0|
    |acc_91_V_025_reg_4817               |  16|   0|   16|          0|
    |acc_92_V_024_reg_4831               |  16|   0|   16|          0|
    |acc_93_V_023_reg_4845               |  16|   0|   16|          0|
    |acc_94_V_022_reg_4859               |  16|   0|   16|          0|
    |acc_95_V_021_reg_4873               |  16|   0|   16|          0|
    |acc_96_V_020_reg_4887               |  16|   0|   16|          0|
    |acc_97_V_019_reg_4901               |  16|   0|   16|          0|
    |acc_98_V_018_reg_4915               |  16|   0|   16|          0|
    |acc_99_V_017_reg_4929               |  16|   0|   16|          0|
    |acc_9_V_0107_reg_3669               |  16|   0|   16|          0|
    |ap_CS_fsm                           |   2|   0|    2|          0|
    |ap_done_reg                         |   1|   0|    1|          0|
    |ap_enable_reg_pp0_iter1             |   1|   0|    1|          0|
    |ap_enable_reg_pp0_iter2             |   1|   0|    1|          0|
    |icmp_ln151_reg_67351                |   1|   0|    1|          0|
    |icmp_ln151_reg_67351_pp0_iter1_reg  |   1|   0|    1|          0|
    |in_index_0_i317_reg_2129            |  32|   0|   32|          0|
    |out_index_reg_67355                 |   7|   0|    7|          0|
    |p_0_0316_reg_2143                   |  16|   0|   16|          0|
    |p_0_10296_reg_2283                  |  16|   0|   16|          0|
    |p_0_11294_reg_2297                  |  16|   0|   16|          0|
    |p_0_12292_reg_2311                  |  16|   0|   16|          0|
    |p_0_1314_reg_2157                   |  16|   0|   16|          0|
    |p_0_13290_reg_2325                  |  16|   0|   16|          0|
    |p_0_14288_reg_2339                  |  16|   0|   16|          0|
    |p_0_15286_reg_2353                  |  16|   0|   16|          0|
    |p_0_16284_reg_2367                  |  16|   0|   16|          0|
    |p_0_17282_reg_2381                  |  16|   0|   16|          0|
    |p_0_18280_reg_2395                  |  16|   0|   16|          0|
    |p_0_19278_reg_2409                  |  16|   0|   16|          0|
    |p_0_20276_reg_2423                  |  16|   0|   16|          0|
    |p_0_21274_reg_2437                  |  16|   0|   16|          0|
    |p_0_22272_reg_2451                  |  16|   0|   16|          0|
    |p_0_2312_reg_2171                   |  16|   0|   16|          0|
    |p_0_23270_reg_2465                  |  16|   0|   16|          0|
    |p_0_24268_reg_2479                  |  16|   0|   16|          0|
    |p_0_25266_reg_2493                  |  16|   0|   16|          0|
    |p_0_26264_reg_2507                  |  16|   0|   16|          0|
    |p_0_27262_reg_2521                  |  16|   0|   16|          0|
    |p_0_28260_reg_2535                  |  16|   0|   16|          0|
    |p_0_29258_reg_2549                  |  16|   0|   16|          0|
    |p_0_30256_reg_2563                  |  16|   0|   16|          0|
    |p_0_31254_reg_2577                  |  16|   0|   16|          0|
    |p_0_32252_reg_2591                  |  16|   0|   16|          0|
    |p_0_3310_reg_2185                   |  16|   0|   16|          0|
    |p_0_33250_reg_2605                  |  16|   0|   16|          0|
    |p_0_34248_reg_2619                  |  16|   0|   16|          0|
    |p_0_35246_reg_2633                  |  16|   0|   16|          0|
    |p_0_36244_reg_2647                  |  16|   0|   16|          0|
    |p_0_37242_reg_2661                  |  16|   0|   16|          0|
    |p_0_38240_reg_2675                  |  16|   0|   16|          0|
    |p_0_39238_reg_2689                  |  16|   0|   16|          0|
    |p_0_40236_reg_2703                  |  16|   0|   16|          0|
    |p_0_41234_reg_2717                  |  16|   0|   16|          0|
    |p_0_42232_reg_2731                  |  16|   0|   16|          0|
    |p_0_4308_reg_2199                   |  16|   0|   16|          0|
    |p_0_43230_reg_2745                  |  16|   0|   16|          0|
    |p_0_44228_reg_2759                  |  16|   0|   16|          0|
    |p_0_45226_reg_2773                  |  16|   0|   16|          0|
    |p_0_46224_reg_2787                  |  16|   0|   16|          0|
    |p_0_47222_reg_2801                  |  16|   0|   16|          0|
    |p_0_48220_reg_2815                  |  16|   0|   16|          0|
    |p_0_49218_reg_2829                  |  16|   0|   16|          0|
    |p_0_50216_reg_2843                  |  16|   0|   16|          0|
    |p_0_51214_reg_2857                  |  16|   0|   16|          0|
    |p_0_52212_reg_2871                  |  16|   0|   16|          0|
    |p_0_5306_reg_2213                   |  16|   0|   16|          0|
    |p_0_53210_reg_2885                  |  16|   0|   16|          0|
    |p_0_54208_reg_2899                  |  16|   0|   16|          0|
    |p_0_55206_reg_2913                  |  16|   0|   16|          0|
    |p_0_56204_reg_2927                  |  16|   0|   16|          0|
    |p_0_57202_reg_2941                  |  16|   0|   16|          0|
    |p_0_58200_reg_2955                  |  16|   0|   16|          0|
    |p_0_59198_reg_2969                  |  16|   0|   16|          0|
    |p_0_60196_reg_2983                  |  16|   0|   16|          0|
    |p_0_61194_reg_2997                  |  16|   0|   16|          0|
    |p_0_62192_reg_3011                  |  16|   0|   16|          0|
    |p_0_6304_reg_2227                   |  16|   0|   16|          0|
    |p_0_63190_reg_3025                  |  16|   0|   16|          0|
    |p_0_64188_reg_3039                  |  16|   0|   16|          0|
    |p_0_65186_reg_3053                  |  16|   0|   16|          0|
    |p_0_66184_reg_3067                  |  16|   0|   16|          0|
    |p_0_67182_reg_3081                  |  16|   0|   16|          0|
    |p_0_68180_reg_3095                  |  16|   0|   16|          0|
    |p_0_69178_reg_3109                  |  16|   0|   16|          0|
    |p_0_70176_reg_3123                  |  16|   0|   16|          0|
    |p_0_71174_reg_3137                  |  16|   0|   16|          0|
    |p_0_72172_reg_3151                  |  16|   0|   16|          0|
    |p_0_7302_reg_2241                   |  16|   0|   16|          0|
    |p_0_73170_reg_3165                  |  16|   0|   16|          0|
    |p_0_74168_reg_3179                  |  16|   0|   16|          0|
    |p_0_75166_reg_3193                  |  16|   0|   16|          0|
    |p_0_76164_reg_3207                  |  16|   0|   16|          0|
    |p_0_77162_reg_3221                  |  16|   0|   16|          0|
    |p_0_78160_reg_3235                  |  16|   0|   16|          0|
    |p_0_79158_reg_3249                  |  16|   0|   16|          0|
    |p_0_80156_reg_3263                  |  16|   0|   16|          0|
    |p_0_81154_reg_3277                  |  16|   0|   16|          0|
    |p_0_82152_reg_3291                  |  16|   0|   16|          0|
    |p_0_8300_reg_2255                   |  16|   0|   16|          0|
    |p_0_83150_reg_3305                  |  16|   0|   16|          0|
    |p_0_84148_reg_3319                  |  16|   0|   16|          0|
    |p_0_85146_reg_3333                  |  16|   0|   16|          0|
    |p_0_86144_reg_3347                  |  16|   0|   16|          0|
    |p_0_87142_reg_3361                  |  16|   0|   16|          0|
    |p_0_88140_reg_3375                  |  16|   0|   16|          0|
    |p_0_89138_reg_3389                  |  16|   0|   16|          0|
    |p_0_90136_reg_3403                  |  16|   0|   16|          0|
    |p_0_91134_reg_3417                  |  16|   0|   16|          0|
    |p_0_92132_reg_3431                  |  16|   0|   16|          0|
    |p_0_9298_reg_2269                   |  16|   0|   16|          0|
    |p_0_93130_reg_3445                  |  16|   0|   16|          0|
    |p_0_94128_reg_3459                  |  16|   0|   16|          0|
    |p_0_95126_reg_3473                  |  16|   0|   16|          0|
    |p_0_96124_reg_3487                  |  16|   0|   16|          0|
    |p_0_97122_reg_3501                  |  16|   0|   16|          0|
    |p_0_98120_reg_3515                  |  16|   0|   16|          0|
    |p_0_99118_reg_3529                  |  16|   0|   16|          0|
    |select_ln168_reg_67346              |  32|   0|   32|          0|
    |tmp_6_reg_67331                     |  16|   0|   16|          0|
    |trunc_ln2_reg_67360                 |  16|   0|   16|          0|
    |w_index318_reg_2115                 |  14|   0|   14|          0|
    |w_index_reg_67341                   |  14|   0|   14|          0|
    +------------------------------------+----+----+-----+-----------+
    |Total                               |3338|   0| 3338|          0|
    +------------------------------------+----+----+-----+-----------+



================================================================
== Interface
================================================================
* Summary: 
+-----------------+-----+-----+------------+-------------------------------------------------------+--------------+
|    RTL Ports    | Dir | Bits|  Protocol  |                     Source Object                     |    C Type    |
+-----------------+-----+-----+------------+-------------------------------------------------------+--------------+
|ap_clk           |  in |    1| ap_ctrl_hs | dense_resource<ap_fixed,ap_fixed<16,6,5,3,0>,config5> | return value |
|ap_rst           |  in |    1| ap_ctrl_hs | dense_resource<ap_fixed,ap_fixed<16,6,5,3,0>,config5> | return value |
|ap_start         |  in |    1| ap_ctrl_hs | dense_resource<ap_fixed,ap_fixed<16,6,5,3,0>,config5> | return value |
|ap_done          | out |    1| ap_ctrl_hs | dense_resource<ap_fixed,ap_fixed<16,6,5,3,0>,config5> | return value |
|ap_continue      |  in |    1| ap_ctrl_hs | dense_resource<ap_fixed,ap_fixed<16,6,5,3,0>,config5> | return value |
|ap_idle          | out |    1| ap_ctrl_hs | dense_resource<ap_fixed,ap_fixed<16,6,5,3,0>,config5> | return value |
|ap_ready         | out |    1| ap_ctrl_hs | dense_resource<ap_fixed,ap_fixed<16,6,5,3,0>,config5> | return value |
|data_0_V         |  in |   15|   ap_none  |                        data_0_V                       |    pointer   |
|data_1_V         |  in |   15|   ap_none  |                        data_1_V                       |    pointer   |
|data_2_V         |  in |   15|   ap_none  |                        data_2_V                       |    pointer   |
|data_3_V         |  in |   15|   ap_none  |                        data_3_V                       |    pointer   |
|data_4_V         |  in |   15|   ap_none  |                        data_4_V                       |    pointer   |
|data_5_V         |  in |   15|   ap_none  |                        data_5_V                       |    pointer   |
|data_6_V         |  in |   15|   ap_none  |                        data_6_V                       |    pointer   |
|data_7_V         |  in |   15|   ap_none  |                        data_7_V                       |    pointer   |
|data_8_V         |  in |   15|   ap_none  |                        data_8_V                       |    pointer   |
|data_9_V         |  in |   15|   ap_none  |                        data_9_V                       |    pointer   |
|data_10_V        |  in |   15|   ap_none  |                       data_10_V                       |    pointer   |
|data_11_V        |  in |   15|   ap_none  |                       data_11_V                       |    pointer   |
|data_12_V        |  in |   15|   ap_none  |                       data_12_V                       |    pointer   |
|data_13_V        |  in |   15|   ap_none  |                       data_13_V                       |    pointer   |
|data_14_V        |  in |   15|   ap_none  |                       data_14_V                       |    pointer   |
|data_15_V        |  in |   15|   ap_none  |                       data_15_V                       |    pointer   |
|data_16_V        |  in |   15|   ap_none  |                       data_16_V                       |    pointer   |
|data_17_V        |  in |   15|   ap_none  |                       data_17_V                       |    pointer   |
|data_18_V        |  in |   15|   ap_none  |                       data_18_V                       |    pointer   |
|data_19_V        |  in |   15|   ap_none  |                       data_19_V                       |    pointer   |
|data_20_V        |  in |   15|   ap_none  |                       data_20_V                       |    pointer   |
|data_21_V        |  in |   15|   ap_none  |                       data_21_V                       |    pointer   |
|data_22_V        |  in |   15|   ap_none  |                       data_22_V                       |    pointer   |
|data_23_V        |  in |   15|   ap_none  |                       data_23_V                       |    pointer   |
|data_24_V        |  in |   15|   ap_none  |                       data_24_V                       |    pointer   |
|data_25_V        |  in |   15|   ap_none  |                       data_25_V                       |    pointer   |
|data_26_V        |  in |   15|   ap_none  |                       data_26_V                       |    pointer   |
|data_27_V        |  in |   15|   ap_none  |                       data_27_V                       |    pointer   |
|data_28_V        |  in |   15|   ap_none  |                       data_28_V                       |    pointer   |
|data_29_V        |  in |   15|   ap_none  |                       data_29_V                       |    pointer   |
|data_30_V        |  in |   15|   ap_none  |                       data_30_V                       |    pointer   |
|data_31_V        |  in |   15|   ap_none  |                       data_31_V                       |    pointer   |
|data_32_V        |  in |   15|   ap_none  |                       data_32_V                       |    pointer   |
|data_33_V        |  in |   15|   ap_none  |                       data_33_V                       |    pointer   |
|data_34_V        |  in |   15|   ap_none  |                       data_34_V                       |    pointer   |
|data_35_V        |  in |   15|   ap_none  |                       data_35_V                       |    pointer   |
|data_36_V        |  in |   15|   ap_none  |                       data_36_V                       |    pointer   |
|data_37_V        |  in |   15|   ap_none  |                       data_37_V                       |    pointer   |
|data_38_V        |  in |   15|   ap_none  |                       data_38_V                       |    pointer   |
|data_39_V        |  in |   15|   ap_none  |                       data_39_V                       |    pointer   |
|data_40_V        |  in |   15|   ap_none  |                       data_40_V                       |    pointer   |
|data_41_V        |  in |   15|   ap_none  |                       data_41_V                       |    pointer   |
|data_42_V        |  in |   15|   ap_none  |                       data_42_V                       |    pointer   |
|data_43_V        |  in |   15|   ap_none  |                       data_43_V                       |    pointer   |
|data_44_V        |  in |   15|   ap_none  |                       data_44_V                       |    pointer   |
|data_45_V        |  in |   15|   ap_none  |                       data_45_V                       |    pointer   |
|data_46_V        |  in |   15|   ap_none  |                       data_46_V                       |    pointer   |
|data_47_V        |  in |   15|   ap_none  |                       data_47_V                       |    pointer   |
|data_48_V        |  in |   15|   ap_none  |                       data_48_V                       |    pointer   |
|data_49_V        |  in |   15|   ap_none  |                       data_49_V                       |    pointer   |
|data_50_V        |  in |   15|   ap_none  |                       data_50_V                       |    pointer   |
|data_51_V        |  in |   15|   ap_none  |                       data_51_V                       |    pointer   |
|data_52_V        |  in |   15|   ap_none  |                       data_52_V                       |    pointer   |
|data_53_V        |  in |   15|   ap_none  |                       data_53_V                       |    pointer   |
|data_54_V        |  in |   15|   ap_none  |                       data_54_V                       |    pointer   |
|data_55_V        |  in |   15|   ap_none  |                       data_55_V                       |    pointer   |
|data_56_V        |  in |   15|   ap_none  |                       data_56_V                       |    pointer   |
|data_57_V        |  in |   15|   ap_none  |                       data_57_V                       |    pointer   |
|data_58_V        |  in |   15|   ap_none  |                       data_58_V                       |    pointer   |
|data_59_V        |  in |   15|   ap_none  |                       data_59_V                       |    pointer   |
|data_60_V        |  in |   15|   ap_none  |                       data_60_V                       |    pointer   |
|data_61_V        |  in |   15|   ap_none  |                       data_61_V                       |    pointer   |
|data_62_V        |  in |   15|   ap_none  |                       data_62_V                       |    pointer   |
|data_63_V        |  in |   15|   ap_none  |                       data_63_V                       |    pointer   |
|data_64_V        |  in |   15|   ap_none  |                       data_64_V                       |    pointer   |
|data_65_V        |  in |   15|   ap_none  |                       data_65_V                       |    pointer   |
|data_66_V        |  in |   15|   ap_none  |                       data_66_V                       |    pointer   |
|data_67_V        |  in |   15|   ap_none  |                       data_67_V                       |    pointer   |
|data_68_V        |  in |   15|   ap_none  |                       data_68_V                       |    pointer   |
|data_69_V        |  in |   15|   ap_none  |                       data_69_V                       |    pointer   |
|data_70_V        |  in |   15|   ap_none  |                       data_70_V                       |    pointer   |
|data_71_V        |  in |   15|   ap_none  |                       data_71_V                       |    pointer   |
|data_72_V        |  in |   15|   ap_none  |                       data_72_V                       |    pointer   |
|data_73_V        |  in |   15|   ap_none  |                       data_73_V                       |    pointer   |
|data_74_V        |  in |   15|   ap_none  |                       data_74_V                       |    pointer   |
|data_75_V        |  in |   15|   ap_none  |                       data_75_V                       |    pointer   |
|data_76_V        |  in |   15|   ap_none  |                       data_76_V                       |    pointer   |
|data_77_V        |  in |   15|   ap_none  |                       data_77_V                       |    pointer   |
|data_78_V        |  in |   15|   ap_none  |                       data_78_V                       |    pointer   |
|data_79_V        |  in |   15|   ap_none  |                       data_79_V                       |    pointer   |
|data_80_V        |  in |   15|   ap_none  |                       data_80_V                       |    pointer   |
|data_81_V        |  in |   15|   ap_none  |                       data_81_V                       |    pointer   |
|data_82_V        |  in |   15|   ap_none  |                       data_82_V                       |    pointer   |
|data_83_V        |  in |   15|   ap_none  |                       data_83_V                       |    pointer   |
|data_84_V        |  in |   15|   ap_none  |                       data_84_V                       |    pointer   |
|data_85_V        |  in |   15|   ap_none  |                       data_85_V                       |    pointer   |
|data_86_V        |  in |   15|   ap_none  |                       data_86_V                       |    pointer   |
|data_87_V        |  in |   15|   ap_none  |                       data_87_V                       |    pointer   |
|data_88_V        |  in |   15|   ap_none  |                       data_88_V                       |    pointer   |
|data_89_V        |  in |   15|   ap_none  |                       data_89_V                       |    pointer   |
|data_90_V        |  in |   15|   ap_none  |                       data_90_V                       |    pointer   |
|data_91_V        |  in |   15|   ap_none  |                       data_91_V                       |    pointer   |
|data_92_V        |  in |   15|   ap_none  |                       data_92_V                       |    pointer   |
|data_93_V        |  in |   15|   ap_none  |                       data_93_V                       |    pointer   |
|data_94_V        |  in |   15|   ap_none  |                       data_94_V                       |    pointer   |
|data_95_V        |  in |   15|   ap_none  |                       data_95_V                       |    pointer   |
|data_96_V        |  in |   15|   ap_none  |                       data_96_V                       |    pointer   |
|data_97_V        |  in |   15|   ap_none  |                       data_97_V                       |    pointer   |
|data_98_V        |  in |   15|   ap_none  |                       data_98_V                       |    pointer   |
|data_99_V        |  in |   15|   ap_none  |                       data_99_V                       |    pointer   |
|res_0_V          | out |   16|   ap_vld   |                        res_0_V                        |    pointer   |
|res_0_V_ap_vld   | out |    1|   ap_vld   |                        res_0_V                        |    pointer   |
|res_1_V          | out |   16|   ap_vld   |                        res_1_V                        |    pointer   |
|res_1_V_ap_vld   | out |    1|   ap_vld   |                        res_1_V                        |    pointer   |
|res_2_V          | out |   16|   ap_vld   |                        res_2_V                        |    pointer   |
|res_2_V_ap_vld   | out |    1|   ap_vld   |                        res_2_V                        |    pointer   |
|res_3_V          | out |   16|   ap_vld   |                        res_3_V                        |    pointer   |
|res_3_V_ap_vld   | out |    1|   ap_vld   |                        res_3_V                        |    pointer   |
|res_4_V          | out |   16|   ap_vld   |                        res_4_V                        |    pointer   |
|res_4_V_ap_vld   | out |    1|   ap_vld   |                        res_4_V                        |    pointer   |
|res_5_V          | out |   16|   ap_vld   |                        res_5_V                        |    pointer   |
|res_5_V_ap_vld   | out |    1|   ap_vld   |                        res_5_V                        |    pointer   |
|res_6_V          | out |   16|   ap_vld   |                        res_6_V                        |    pointer   |
|res_6_V_ap_vld   | out |    1|   ap_vld   |                        res_6_V                        |    pointer   |
|res_7_V          | out |   16|   ap_vld   |                        res_7_V                        |    pointer   |
|res_7_V_ap_vld   | out |    1|   ap_vld   |                        res_7_V                        |    pointer   |
|res_8_V          | out |   16|   ap_vld   |                        res_8_V                        |    pointer   |
|res_8_V_ap_vld   | out |    1|   ap_vld   |                        res_8_V                        |    pointer   |
|res_9_V          | out |   16|   ap_vld   |                        res_9_V                        |    pointer   |
|res_9_V_ap_vld   | out |    1|   ap_vld   |                        res_9_V                        |    pointer   |
|res_10_V         | out |   16|   ap_vld   |                        res_10_V                       |    pointer   |
|res_10_V_ap_vld  | out |    1|   ap_vld   |                        res_10_V                       |    pointer   |
|res_11_V         | out |   16|   ap_vld   |                        res_11_V                       |    pointer   |
|res_11_V_ap_vld  | out |    1|   ap_vld   |                        res_11_V                       |    pointer   |
|res_12_V         | out |   16|   ap_vld   |                        res_12_V                       |    pointer   |
|res_12_V_ap_vld  | out |    1|   ap_vld   |                        res_12_V                       |    pointer   |
|res_13_V         | out |   16|   ap_vld   |                        res_13_V                       |    pointer   |
|res_13_V_ap_vld  | out |    1|   ap_vld   |                        res_13_V                       |    pointer   |
|res_14_V         | out |   16|   ap_vld   |                        res_14_V                       |    pointer   |
|res_14_V_ap_vld  | out |    1|   ap_vld   |                        res_14_V                       |    pointer   |
|res_15_V         | out |   16|   ap_vld   |                        res_15_V                       |    pointer   |
|res_15_V_ap_vld  | out |    1|   ap_vld   |                        res_15_V                       |    pointer   |
|res_16_V         | out |   16|   ap_vld   |                        res_16_V                       |    pointer   |
|res_16_V_ap_vld  | out |    1|   ap_vld   |                        res_16_V                       |    pointer   |
|res_17_V         | out |   16|   ap_vld   |                        res_17_V                       |    pointer   |
|res_17_V_ap_vld  | out |    1|   ap_vld   |                        res_17_V                       |    pointer   |
|res_18_V         | out |   16|   ap_vld   |                        res_18_V                       |    pointer   |
|res_18_V_ap_vld  | out |    1|   ap_vld   |                        res_18_V                       |    pointer   |
|res_19_V         | out |   16|   ap_vld   |                        res_19_V                       |    pointer   |
|res_19_V_ap_vld  | out |    1|   ap_vld   |                        res_19_V                       |    pointer   |
|res_20_V         | out |   16|   ap_vld   |                        res_20_V                       |    pointer   |
|res_20_V_ap_vld  | out |    1|   ap_vld   |                        res_20_V                       |    pointer   |
|res_21_V         | out |   16|   ap_vld   |                        res_21_V                       |    pointer   |
|res_21_V_ap_vld  | out |    1|   ap_vld   |                        res_21_V                       |    pointer   |
|res_22_V         | out |   16|   ap_vld   |                        res_22_V                       |    pointer   |
|res_22_V_ap_vld  | out |    1|   ap_vld   |                        res_22_V                       |    pointer   |
|res_23_V         | out |   16|   ap_vld   |                        res_23_V                       |    pointer   |
|res_23_V_ap_vld  | out |    1|   ap_vld   |                        res_23_V                       |    pointer   |
|res_24_V         | out |   16|   ap_vld   |                        res_24_V                       |    pointer   |
|res_24_V_ap_vld  | out |    1|   ap_vld   |                        res_24_V                       |    pointer   |
|res_25_V         | out |   16|   ap_vld   |                        res_25_V                       |    pointer   |
|res_25_V_ap_vld  | out |    1|   ap_vld   |                        res_25_V                       |    pointer   |
|res_26_V         | out |   16|   ap_vld   |                        res_26_V                       |    pointer   |
|res_26_V_ap_vld  | out |    1|   ap_vld   |                        res_26_V                       |    pointer   |
|res_27_V         | out |   16|   ap_vld   |                        res_27_V                       |    pointer   |
|res_27_V_ap_vld  | out |    1|   ap_vld   |                        res_27_V                       |    pointer   |
|res_28_V         | out |   16|   ap_vld   |                        res_28_V                       |    pointer   |
|res_28_V_ap_vld  | out |    1|   ap_vld   |                        res_28_V                       |    pointer   |
|res_29_V         | out |   16|   ap_vld   |                        res_29_V                       |    pointer   |
|res_29_V_ap_vld  | out |    1|   ap_vld   |                        res_29_V                       |    pointer   |
|res_30_V         | out |   16|   ap_vld   |                        res_30_V                       |    pointer   |
|res_30_V_ap_vld  | out |    1|   ap_vld   |                        res_30_V                       |    pointer   |
|res_31_V         | out |   16|   ap_vld   |                        res_31_V                       |    pointer   |
|res_31_V_ap_vld  | out |    1|   ap_vld   |                        res_31_V                       |    pointer   |
|res_32_V         | out |   16|   ap_vld   |                        res_32_V                       |    pointer   |
|res_32_V_ap_vld  | out |    1|   ap_vld   |                        res_32_V                       |    pointer   |
|res_33_V         | out |   16|   ap_vld   |                        res_33_V                       |    pointer   |
|res_33_V_ap_vld  | out |    1|   ap_vld   |                        res_33_V                       |    pointer   |
|res_34_V         | out |   16|   ap_vld   |                        res_34_V                       |    pointer   |
|res_34_V_ap_vld  | out |    1|   ap_vld   |                        res_34_V                       |    pointer   |
|res_35_V         | out |   16|   ap_vld   |                        res_35_V                       |    pointer   |
|res_35_V_ap_vld  | out |    1|   ap_vld   |                        res_35_V                       |    pointer   |
|res_36_V         | out |   16|   ap_vld   |                        res_36_V                       |    pointer   |
|res_36_V_ap_vld  | out |    1|   ap_vld   |                        res_36_V                       |    pointer   |
|res_37_V         | out |   16|   ap_vld   |                        res_37_V                       |    pointer   |
|res_37_V_ap_vld  | out |    1|   ap_vld   |                        res_37_V                       |    pointer   |
|res_38_V         | out |   16|   ap_vld   |                        res_38_V                       |    pointer   |
|res_38_V_ap_vld  | out |    1|   ap_vld   |                        res_38_V                       |    pointer   |
|res_39_V         | out |   16|   ap_vld   |                        res_39_V                       |    pointer   |
|res_39_V_ap_vld  | out |    1|   ap_vld   |                        res_39_V                       |    pointer   |
|res_40_V         | out |   16|   ap_vld   |                        res_40_V                       |    pointer   |
|res_40_V_ap_vld  | out |    1|   ap_vld   |                        res_40_V                       |    pointer   |
|res_41_V         | out |   16|   ap_vld   |                        res_41_V                       |    pointer   |
|res_41_V_ap_vld  | out |    1|   ap_vld   |                        res_41_V                       |    pointer   |
|res_42_V         | out |   16|   ap_vld   |                        res_42_V                       |    pointer   |
|res_42_V_ap_vld  | out |    1|   ap_vld   |                        res_42_V                       |    pointer   |
|res_43_V         | out |   16|   ap_vld   |                        res_43_V                       |    pointer   |
|res_43_V_ap_vld  | out |    1|   ap_vld   |                        res_43_V                       |    pointer   |
|res_44_V         | out |   16|   ap_vld   |                        res_44_V                       |    pointer   |
|res_44_V_ap_vld  | out |    1|   ap_vld   |                        res_44_V                       |    pointer   |
|res_45_V         | out |   16|   ap_vld   |                        res_45_V                       |    pointer   |
|res_45_V_ap_vld  | out |    1|   ap_vld   |                        res_45_V                       |    pointer   |
|res_46_V         | out |   16|   ap_vld   |                        res_46_V                       |    pointer   |
|res_46_V_ap_vld  | out |    1|   ap_vld   |                        res_46_V                       |    pointer   |
|res_47_V         | out |   16|   ap_vld   |                        res_47_V                       |    pointer   |
|res_47_V_ap_vld  | out |    1|   ap_vld   |                        res_47_V                       |    pointer   |
|res_48_V         | out |   16|   ap_vld   |                        res_48_V                       |    pointer   |
|res_48_V_ap_vld  | out |    1|   ap_vld   |                        res_48_V                       |    pointer   |
|res_49_V         | out |   16|   ap_vld   |                        res_49_V                       |    pointer   |
|res_49_V_ap_vld  | out |    1|   ap_vld   |                        res_49_V                       |    pointer   |
|res_50_V         | out |   16|   ap_vld   |                        res_50_V                       |    pointer   |
|res_50_V_ap_vld  | out |    1|   ap_vld   |                        res_50_V                       |    pointer   |
|res_51_V         | out |   16|   ap_vld   |                        res_51_V                       |    pointer   |
|res_51_V_ap_vld  | out |    1|   ap_vld   |                        res_51_V                       |    pointer   |
|res_52_V         | out |   16|   ap_vld   |                        res_52_V                       |    pointer   |
|res_52_V_ap_vld  | out |    1|   ap_vld   |                        res_52_V                       |    pointer   |
|res_53_V         | out |   16|   ap_vld   |                        res_53_V                       |    pointer   |
|res_53_V_ap_vld  | out |    1|   ap_vld   |                        res_53_V                       |    pointer   |
|res_54_V         | out |   16|   ap_vld   |                        res_54_V                       |    pointer   |
|res_54_V_ap_vld  | out |    1|   ap_vld   |                        res_54_V                       |    pointer   |
|res_55_V         | out |   16|   ap_vld   |                        res_55_V                       |    pointer   |
|res_55_V_ap_vld  | out |    1|   ap_vld   |                        res_55_V                       |    pointer   |
|res_56_V         | out |   16|   ap_vld   |                        res_56_V                       |    pointer   |
|res_56_V_ap_vld  | out |    1|   ap_vld   |                        res_56_V                       |    pointer   |
|res_57_V         | out |   16|   ap_vld   |                        res_57_V                       |    pointer   |
|res_57_V_ap_vld  | out |    1|   ap_vld   |                        res_57_V                       |    pointer   |
|res_58_V         | out |   16|   ap_vld   |                        res_58_V                       |    pointer   |
|res_58_V_ap_vld  | out |    1|   ap_vld   |                        res_58_V                       |    pointer   |
|res_59_V         | out |   16|   ap_vld   |                        res_59_V                       |    pointer   |
|res_59_V_ap_vld  | out |    1|   ap_vld   |                        res_59_V                       |    pointer   |
|res_60_V         | out |   16|   ap_vld   |                        res_60_V                       |    pointer   |
|res_60_V_ap_vld  | out |    1|   ap_vld   |                        res_60_V                       |    pointer   |
|res_61_V         | out |   16|   ap_vld   |                        res_61_V                       |    pointer   |
|res_61_V_ap_vld  | out |    1|   ap_vld   |                        res_61_V                       |    pointer   |
|res_62_V         | out |   16|   ap_vld   |                        res_62_V                       |    pointer   |
|res_62_V_ap_vld  | out |    1|   ap_vld   |                        res_62_V                       |    pointer   |
|res_63_V         | out |   16|   ap_vld   |                        res_63_V                       |    pointer   |
|res_63_V_ap_vld  | out |    1|   ap_vld   |                        res_63_V                       |    pointer   |
|res_64_V         | out |   16|   ap_vld   |                        res_64_V                       |    pointer   |
|res_64_V_ap_vld  | out |    1|   ap_vld   |                        res_64_V                       |    pointer   |
|res_65_V         | out |   16|   ap_vld   |                        res_65_V                       |    pointer   |
|res_65_V_ap_vld  | out |    1|   ap_vld   |                        res_65_V                       |    pointer   |
|res_66_V         | out |   16|   ap_vld   |                        res_66_V                       |    pointer   |
|res_66_V_ap_vld  | out |    1|   ap_vld   |                        res_66_V                       |    pointer   |
|res_67_V         | out |   16|   ap_vld   |                        res_67_V                       |    pointer   |
|res_67_V_ap_vld  | out |    1|   ap_vld   |                        res_67_V                       |    pointer   |
|res_68_V         | out |   16|   ap_vld   |                        res_68_V                       |    pointer   |
|res_68_V_ap_vld  | out |    1|   ap_vld   |                        res_68_V                       |    pointer   |
|res_69_V         | out |   16|   ap_vld   |                        res_69_V                       |    pointer   |
|res_69_V_ap_vld  | out |    1|   ap_vld   |                        res_69_V                       |    pointer   |
|res_70_V         | out |   16|   ap_vld   |                        res_70_V                       |    pointer   |
|res_70_V_ap_vld  | out |    1|   ap_vld   |                        res_70_V                       |    pointer   |
|res_71_V         | out |   16|   ap_vld   |                        res_71_V                       |    pointer   |
|res_71_V_ap_vld  | out |    1|   ap_vld   |                        res_71_V                       |    pointer   |
|res_72_V         | out |   16|   ap_vld   |                        res_72_V                       |    pointer   |
|res_72_V_ap_vld  | out |    1|   ap_vld   |                        res_72_V                       |    pointer   |
|res_73_V         | out |   16|   ap_vld   |                        res_73_V                       |    pointer   |
|res_73_V_ap_vld  | out |    1|   ap_vld   |                        res_73_V                       |    pointer   |
|res_74_V         | out |   16|   ap_vld   |                        res_74_V                       |    pointer   |
|res_74_V_ap_vld  | out |    1|   ap_vld   |                        res_74_V                       |    pointer   |
|res_75_V         | out |   16|   ap_vld   |                        res_75_V                       |    pointer   |
|res_75_V_ap_vld  | out |    1|   ap_vld   |                        res_75_V                       |    pointer   |
|res_76_V         | out |   16|   ap_vld   |                        res_76_V                       |    pointer   |
|res_76_V_ap_vld  | out |    1|   ap_vld   |                        res_76_V                       |    pointer   |
|res_77_V         | out |   16|   ap_vld   |                        res_77_V                       |    pointer   |
|res_77_V_ap_vld  | out |    1|   ap_vld   |                        res_77_V                       |    pointer   |
|res_78_V         | out |   16|   ap_vld   |                        res_78_V                       |    pointer   |
|res_78_V_ap_vld  | out |    1|   ap_vld   |                        res_78_V                       |    pointer   |
|res_79_V         | out |   16|   ap_vld   |                        res_79_V                       |    pointer   |
|res_79_V_ap_vld  | out |    1|   ap_vld   |                        res_79_V                       |    pointer   |
|res_80_V         | out |   16|   ap_vld   |                        res_80_V                       |    pointer   |
|res_80_V_ap_vld  | out |    1|   ap_vld   |                        res_80_V                       |    pointer   |
|res_81_V         | out |   16|   ap_vld   |                        res_81_V                       |    pointer   |
|res_81_V_ap_vld  | out |    1|   ap_vld   |                        res_81_V                       |    pointer   |
|res_82_V         | out |   16|   ap_vld   |                        res_82_V                       |    pointer   |
|res_82_V_ap_vld  | out |    1|   ap_vld   |                        res_82_V                       |    pointer   |
|res_83_V         | out |   16|   ap_vld   |                        res_83_V                       |    pointer   |
|res_83_V_ap_vld  | out |    1|   ap_vld   |                        res_83_V                       |    pointer   |
|res_84_V         | out |   16|   ap_vld   |                        res_84_V                       |    pointer   |
|res_84_V_ap_vld  | out |    1|   ap_vld   |                        res_84_V                       |    pointer   |
|res_85_V         | out |   16|   ap_vld   |                        res_85_V                       |    pointer   |
|res_85_V_ap_vld  | out |    1|   ap_vld   |                        res_85_V                       |    pointer   |
|res_86_V         | out |   16|   ap_vld   |                        res_86_V                       |    pointer   |
|res_86_V_ap_vld  | out |    1|   ap_vld   |                        res_86_V                       |    pointer   |
|res_87_V         | out |   16|   ap_vld   |                        res_87_V                       |    pointer   |
|res_87_V_ap_vld  | out |    1|   ap_vld   |                        res_87_V                       |    pointer   |
|res_88_V         | out |   16|   ap_vld   |                        res_88_V                       |    pointer   |
|res_88_V_ap_vld  | out |    1|   ap_vld   |                        res_88_V                       |    pointer   |
|res_89_V         | out |   16|   ap_vld   |                        res_89_V                       |    pointer   |
|res_89_V_ap_vld  | out |    1|   ap_vld   |                        res_89_V                       |    pointer   |
|res_90_V         | out |   16|   ap_vld   |                        res_90_V                       |    pointer   |
|res_90_V_ap_vld  | out |    1|   ap_vld   |                        res_90_V                       |    pointer   |
|res_91_V         | out |   16|   ap_vld   |                        res_91_V                       |    pointer   |
|res_91_V_ap_vld  | out |    1|   ap_vld   |                        res_91_V                       |    pointer   |
|res_92_V         | out |   16|   ap_vld   |                        res_92_V                       |    pointer   |
|res_92_V_ap_vld  | out |    1|   ap_vld   |                        res_92_V                       |    pointer   |
|res_93_V         | out |   16|   ap_vld   |                        res_93_V                       |    pointer   |
|res_93_V_ap_vld  | out |    1|   ap_vld   |                        res_93_V                       |    pointer   |
|res_94_V         | out |   16|   ap_vld   |                        res_94_V                       |    pointer   |
|res_94_V_ap_vld  | out |    1|   ap_vld   |                        res_94_V                       |    pointer   |
|res_95_V         | out |   16|   ap_vld   |                        res_95_V                       |    pointer   |
|res_95_V_ap_vld  | out |    1|   ap_vld   |                        res_95_V                       |    pointer   |
|res_96_V         | out |   16|   ap_vld   |                        res_96_V                       |    pointer   |
|res_96_V_ap_vld  | out |    1|   ap_vld   |                        res_96_V                       |    pointer   |
|res_97_V         | out |   16|   ap_vld   |                        res_97_V                       |    pointer   |
|res_97_V_ap_vld  | out |    1|   ap_vld   |                        res_97_V                       |    pointer   |
|res_98_V         | out |   16|   ap_vld   |                        res_98_V                       |    pointer   |
|res_98_V_ap_vld  | out |    1|   ap_vld   |                        res_98_V                       |    pointer   |
|res_99_V         | out |   16|   ap_vld   |                        res_99_V                       |    pointer   |
|res_99_V_ap_vld  | out |    1|   ap_vld   |                        res_99_V                       |    pointer   |
+-----------------+-----+-----+------------+-------------------------------------------------------+--------------+

