

================================================================
== Vivado HLS Report for 'relu_ap_fixed_ap_fixed_16_6_0_0_0_relu_config4_s'
================================================================
* Date:           Tue Jun  1 19:11:30 2021

* Version:        2020.1.1 (Build 2951007 on Wed Aug 05 23:24:06 MDT 2020)
* Project:        myproject_prj
* Solution:       solution1
* Product family: virtexuplus
* Target device:  xcu250-figd2104-2L-e


================================================================
== Performance Estimates
================================================================
+ Timing: 
    * Summary: 
    +--------+---------+----------+------------+
    |  Clock |  Target | Estimated| Uncertainty|
    +--------+---------+----------+------------+
    |ap_clk  | 5.00 ns | 0.969 ns |   0.62 ns  |
    +--------+---------+----------+------------+

+ Latency: 
    * Summary: 
    +---------+---------+----------+----------+-----+-----+----------+
    |  Latency (cycles) |  Latency (absolute) |  Interval | Pipeline |
    |   min   |   max   |    min   |    max   | min | max |   Type   |
    +---------+---------+----------+----------+-----+-----+----------+
    |        0|        0|   0 ns   |   0 ns   |    1|    1| function |
    +---------+---------+----------+----------+-----+-----+----------+

    + Detail: 
        * Instance: 
        N/A

        * Loop: 
        N/A



================================================================
== Utilization Estimates
================================================================
* Summary: 
+---------------------+---------+-------+---------+---------+------+
|         Name        | BRAM_18K| DSP48E|    FF   |   LUT   | URAM |
+---------------------+---------+-------+---------+---------+------+
|DSP                  |        -|      -|        -|        -|     -|
|Expression           |        -|      -|        0|     2802|     -|
|FIFO                 |        -|      -|        -|        -|     -|
|Instance             |        -|      -|        -|        -|     -|
|Memory               |        -|      -|        -|        -|     -|
|Multiplexer          |        -|      -|        -|      909|     -|
|Register             |        -|      -|     1502|        -|     -|
+---------------------+---------+-------+---------+---------+------+
|Total                |        0|      0|     1502|     3711|     0|
+---------------------+---------+-------+---------+---------+------+
|Available SLR        |     1344|   3072|   864000|   432000|   320|
+---------------------+---------+-------+---------+---------+------+
|Utilization SLR (%)  |        0|      0|    ~0   |    ~0   |     0|
+---------------------+---------+-------+---------+---------+------+
|Available            |     5376|  12288|  3456000|  1728000|  1280|
+---------------------+---------+-------+---------+---------+------+
|Utilization (%)      |        0|      0|    ~0   |    ~0   |     0|
+---------------------+---------+-------+---------+---------+------+

+ Detail: 
    * Instance: 
    N/A

    * DSP48E: 
    N/A

    * Memory: 
    N/A

    * FIFO: 
    N/A

    * Expression: 
    +----------------------------+----------+-------+---+----+------------+------------+
    |        Variable Name       | Operation| DSP48E| FF| LUT| Bitwidth P0| Bitwidth P1|
    +----------------------------+----------+-------+---+----+------------+------------+
    |icmp_ln1494_10_fu_1920_p2   |   icmp   |      0|  0|  13|          16|           1|
    |icmp_ln1494_11_fu_1939_p2   |   icmp   |      0|  0|  13|          16|           1|
    |icmp_ln1494_12_fu_1958_p2   |   icmp   |      0|  0|  13|          16|           1|
    |icmp_ln1494_13_fu_1977_p2   |   icmp   |      0|  0|  13|          16|           1|
    |icmp_ln1494_14_fu_1996_p2   |   icmp   |      0|  0|  13|          16|           1|
    |icmp_ln1494_15_fu_2015_p2   |   icmp   |      0|  0|  13|          16|           1|
    |icmp_ln1494_16_fu_2034_p2   |   icmp   |      0|  0|  13|          16|           1|
    |icmp_ln1494_17_fu_2053_p2   |   icmp   |      0|  0|  13|          16|           1|
    |icmp_ln1494_18_fu_2072_p2   |   icmp   |      0|  0|  13|          16|           1|
    |icmp_ln1494_19_fu_2091_p2   |   icmp   |      0|  0|  13|          16|           1|
    |icmp_ln1494_1_fu_1749_p2    |   icmp   |      0|  0|  13|          16|           1|
    |icmp_ln1494_20_fu_2110_p2   |   icmp   |      0|  0|  13|          16|           1|
    |icmp_ln1494_21_fu_2129_p2   |   icmp   |      0|  0|  13|          16|           1|
    |icmp_ln1494_22_fu_2148_p2   |   icmp   |      0|  0|  13|          16|           1|
    |icmp_ln1494_23_fu_2167_p2   |   icmp   |      0|  0|  13|          16|           1|
    |icmp_ln1494_24_fu_2186_p2   |   icmp   |      0|  0|  13|          16|           1|
    |icmp_ln1494_25_fu_2205_p2   |   icmp   |      0|  0|  13|          16|           1|
    |icmp_ln1494_26_fu_2224_p2   |   icmp   |      0|  0|  13|          16|           1|
    |icmp_ln1494_27_fu_2243_p2   |   icmp   |      0|  0|  13|          16|           1|
    |icmp_ln1494_28_fu_2262_p2   |   icmp   |      0|  0|  13|          16|           1|
    |icmp_ln1494_29_fu_2281_p2   |   icmp   |      0|  0|  13|          16|           1|
    |icmp_ln1494_2_fu_1768_p2    |   icmp   |      0|  0|  13|          16|           1|
    |icmp_ln1494_30_fu_2300_p2   |   icmp   |      0|  0|  13|          16|           1|
    |icmp_ln1494_31_fu_2319_p2   |   icmp   |      0|  0|  13|          16|           1|
    |icmp_ln1494_32_fu_2338_p2   |   icmp   |      0|  0|  13|          16|           1|
    |icmp_ln1494_33_fu_2357_p2   |   icmp   |      0|  0|  13|          16|           1|
    |icmp_ln1494_34_fu_2376_p2   |   icmp   |      0|  0|  13|          16|           1|
    |icmp_ln1494_35_fu_2395_p2   |   icmp   |      0|  0|  13|          16|           1|
    |icmp_ln1494_36_fu_2414_p2   |   icmp   |      0|  0|  13|          16|           1|
    |icmp_ln1494_37_fu_2433_p2   |   icmp   |      0|  0|  13|          16|           1|
    |icmp_ln1494_38_fu_2452_p2   |   icmp   |      0|  0|  13|          16|           1|
    |icmp_ln1494_39_fu_2471_p2   |   icmp   |      0|  0|  13|          16|           1|
    |icmp_ln1494_3_fu_1787_p2    |   icmp   |      0|  0|  13|          16|           1|
    |icmp_ln1494_40_fu_2490_p2   |   icmp   |      0|  0|  13|          16|           1|
    |icmp_ln1494_41_fu_2509_p2   |   icmp   |      0|  0|  13|          16|           1|
    |icmp_ln1494_42_fu_2528_p2   |   icmp   |      0|  0|  13|          16|           1|
    |icmp_ln1494_43_fu_2547_p2   |   icmp   |      0|  0|  13|          16|           1|
    |icmp_ln1494_44_fu_2566_p2   |   icmp   |      0|  0|  13|          16|           1|
    |icmp_ln1494_45_fu_2585_p2   |   icmp   |      0|  0|  13|          16|           1|
    |icmp_ln1494_46_fu_2604_p2   |   icmp   |      0|  0|  13|          16|           1|
    |icmp_ln1494_47_fu_2623_p2   |   icmp   |      0|  0|  13|          16|           1|
    |icmp_ln1494_48_fu_2642_p2   |   icmp   |      0|  0|  13|          16|           1|
    |icmp_ln1494_49_fu_2661_p2   |   icmp   |      0|  0|  13|          16|           1|
    |icmp_ln1494_4_fu_1806_p2    |   icmp   |      0|  0|  13|          16|           1|
    |icmp_ln1494_50_fu_2680_p2   |   icmp   |      0|  0|  13|          16|           1|
    |icmp_ln1494_51_fu_2699_p2   |   icmp   |      0|  0|  13|          16|           1|
    |icmp_ln1494_52_fu_2718_p2   |   icmp   |      0|  0|  13|          16|           1|
    |icmp_ln1494_53_fu_2737_p2   |   icmp   |      0|  0|  13|          16|           1|
    |icmp_ln1494_54_fu_2756_p2   |   icmp   |      0|  0|  13|          16|           1|
    |icmp_ln1494_55_fu_2775_p2   |   icmp   |      0|  0|  13|          16|           1|
    |icmp_ln1494_56_fu_2794_p2   |   icmp   |      0|  0|  13|          16|           1|
    |icmp_ln1494_57_fu_2813_p2   |   icmp   |      0|  0|  13|          16|           1|
    |icmp_ln1494_58_fu_2832_p2   |   icmp   |      0|  0|  13|          16|           1|
    |icmp_ln1494_59_fu_2851_p2   |   icmp   |      0|  0|  13|          16|           1|
    |icmp_ln1494_5_fu_1825_p2    |   icmp   |      0|  0|  13|          16|           1|
    |icmp_ln1494_60_fu_2870_p2   |   icmp   |      0|  0|  13|          16|           1|
    |icmp_ln1494_61_fu_2889_p2   |   icmp   |      0|  0|  13|          16|           1|
    |icmp_ln1494_62_fu_2908_p2   |   icmp   |      0|  0|  13|          16|           1|
    |icmp_ln1494_63_fu_2927_p2   |   icmp   |      0|  0|  13|          16|           1|
    |icmp_ln1494_64_fu_2946_p2   |   icmp   |      0|  0|  13|          16|           1|
    |icmp_ln1494_65_fu_2965_p2   |   icmp   |      0|  0|  13|          16|           1|
    |icmp_ln1494_66_fu_2984_p2   |   icmp   |      0|  0|  13|          16|           1|
    |icmp_ln1494_67_fu_3003_p2   |   icmp   |      0|  0|  13|          16|           1|
    |icmp_ln1494_68_fu_3022_p2   |   icmp   |      0|  0|  13|          16|           1|
    |icmp_ln1494_69_fu_3041_p2   |   icmp   |      0|  0|  13|          16|           1|
    |icmp_ln1494_6_fu_1844_p2    |   icmp   |      0|  0|  13|          16|           1|
    |icmp_ln1494_70_fu_3060_p2   |   icmp   |      0|  0|  13|          16|           1|
    |icmp_ln1494_71_fu_3079_p2   |   icmp   |      0|  0|  13|          16|           1|
    |icmp_ln1494_72_fu_3098_p2   |   icmp   |      0|  0|  13|          16|           1|
    |icmp_ln1494_73_fu_3117_p2   |   icmp   |      0|  0|  13|          16|           1|
    |icmp_ln1494_74_fu_3136_p2   |   icmp   |      0|  0|  13|          16|           1|
    |icmp_ln1494_75_fu_3155_p2   |   icmp   |      0|  0|  13|          16|           1|
    |icmp_ln1494_76_fu_3174_p2   |   icmp   |      0|  0|  13|          16|           1|
    |icmp_ln1494_77_fu_3193_p2   |   icmp   |      0|  0|  13|          16|           1|
    |icmp_ln1494_78_fu_3212_p2   |   icmp   |      0|  0|  13|          16|           1|
    |icmp_ln1494_79_fu_3231_p2   |   icmp   |      0|  0|  13|          16|           1|
    |icmp_ln1494_7_fu_1863_p2    |   icmp   |      0|  0|  13|          16|           1|
    |icmp_ln1494_80_fu_3250_p2   |   icmp   |      0|  0|  13|          16|           1|
    |icmp_ln1494_81_fu_3269_p2   |   icmp   |      0|  0|  13|          16|           1|
    |icmp_ln1494_82_fu_3288_p2   |   icmp   |      0|  0|  13|          16|           1|
    |icmp_ln1494_83_fu_3307_p2   |   icmp   |      0|  0|  13|          16|           1|
    |icmp_ln1494_84_fu_3326_p2   |   icmp   |      0|  0|  13|          16|           1|
    |icmp_ln1494_85_fu_3345_p2   |   icmp   |      0|  0|  13|          16|           1|
    |icmp_ln1494_86_fu_3364_p2   |   icmp   |      0|  0|  13|          16|           1|
    |icmp_ln1494_87_fu_3383_p2   |   icmp   |      0|  0|  13|          16|           1|
    |icmp_ln1494_88_fu_3402_p2   |   icmp   |      0|  0|  13|          16|           1|
    |icmp_ln1494_89_fu_3421_p2   |   icmp   |      0|  0|  13|          16|           1|
    |icmp_ln1494_8_fu_1882_p2    |   icmp   |      0|  0|  13|          16|           1|
    |icmp_ln1494_90_fu_3440_p2   |   icmp   |      0|  0|  13|          16|           1|
    |icmp_ln1494_91_fu_3459_p2   |   icmp   |      0|  0|  13|          16|           1|
    |icmp_ln1494_92_fu_3478_p2   |   icmp   |      0|  0|  13|          16|           1|
    |icmp_ln1494_93_fu_3497_p2   |   icmp   |      0|  0|  13|          16|           1|
    |icmp_ln1494_94_fu_3516_p2   |   icmp   |      0|  0|  13|          16|           1|
    |icmp_ln1494_95_fu_3535_p2   |   icmp   |      0|  0|  13|          16|           1|
    |icmp_ln1494_96_fu_3554_p2   |   icmp   |      0|  0|  13|          16|           1|
    |icmp_ln1494_97_fu_3573_p2   |   icmp   |      0|  0|  13|          16|           1|
    |icmp_ln1494_98_fu_3592_p2   |   icmp   |      0|  0|  13|          16|           1|
    |icmp_ln1494_99_fu_3611_p2   |   icmp   |      0|  0|  13|          16|           1|
    |icmp_ln1494_9_fu_1901_p2    |   icmp   |      0|  0|  13|          16|           1|
    |icmp_ln1494_fu_1730_p2      |   icmp   |      0|  0|  13|          16|           1|
    |ap_block_state1             |    or    |      0|  0|   2|           1|           1|
    |select_ln81_100_fu_1755_p3  |  select  |      0|  0|  15|           1|          15|
    |select_ln81_101_fu_1774_p3  |  select  |      0|  0|  15|           1|          15|
    |select_ln81_102_fu_1793_p3  |  select  |      0|  0|  15|           1|          15|
    |select_ln81_103_fu_1812_p3  |  select  |      0|  0|  15|           1|          15|
    |select_ln81_104_fu_1831_p3  |  select  |      0|  0|  15|           1|          15|
    |select_ln81_105_fu_1850_p3  |  select  |      0|  0|  15|           1|          15|
    |select_ln81_106_fu_1869_p3  |  select  |      0|  0|  15|           1|          15|
    |select_ln81_107_fu_1888_p3  |  select  |      0|  0|  15|           1|          15|
    |select_ln81_108_fu_1907_p3  |  select  |      0|  0|  15|           1|          15|
    |select_ln81_109_fu_1926_p3  |  select  |      0|  0|  15|           1|          15|
    |select_ln81_110_fu_1945_p3  |  select  |      0|  0|  15|           1|          15|
    |select_ln81_111_fu_1964_p3  |  select  |      0|  0|  15|           1|          15|
    |select_ln81_112_fu_1983_p3  |  select  |      0|  0|  15|           1|          15|
    |select_ln81_113_fu_2002_p3  |  select  |      0|  0|  15|           1|          15|
    |select_ln81_114_fu_2021_p3  |  select  |      0|  0|  15|           1|          15|
    |select_ln81_115_fu_2040_p3  |  select  |      0|  0|  15|           1|          15|
    |select_ln81_116_fu_2059_p3  |  select  |      0|  0|  15|           1|          15|
    |select_ln81_117_fu_2078_p3  |  select  |      0|  0|  15|           1|          15|
    |select_ln81_118_fu_2097_p3  |  select  |      0|  0|  15|           1|          15|
    |select_ln81_119_fu_2116_p3  |  select  |      0|  0|  15|           1|          15|
    |select_ln81_120_fu_2135_p3  |  select  |      0|  0|  15|           1|          15|
    |select_ln81_121_fu_2154_p3  |  select  |      0|  0|  15|           1|          15|
    |select_ln81_122_fu_2173_p3  |  select  |      0|  0|  15|           1|          15|
    |select_ln81_123_fu_2192_p3  |  select  |      0|  0|  15|           1|          15|
    |select_ln81_124_fu_2211_p3  |  select  |      0|  0|  15|           1|          15|
    |select_ln81_125_fu_2230_p3  |  select  |      0|  0|  15|           1|          15|
    |select_ln81_126_fu_2249_p3  |  select  |      0|  0|  15|           1|          15|
    |select_ln81_127_fu_2268_p3  |  select  |      0|  0|  15|           1|          15|
    |select_ln81_128_fu_2287_p3  |  select  |      0|  0|  15|           1|          15|
    |select_ln81_129_fu_2306_p3  |  select  |      0|  0|  15|           1|          15|
    |select_ln81_130_fu_2325_p3  |  select  |      0|  0|  15|           1|          15|
    |select_ln81_131_fu_2344_p3  |  select  |      0|  0|  15|           1|          15|
    |select_ln81_132_fu_2363_p3  |  select  |      0|  0|  15|           1|          15|
    |select_ln81_133_fu_2382_p3  |  select  |      0|  0|  15|           1|          15|
    |select_ln81_134_fu_2401_p3  |  select  |      0|  0|  15|           1|          15|
    |select_ln81_135_fu_2420_p3  |  select  |      0|  0|  15|           1|          15|
    |select_ln81_136_fu_2439_p3  |  select  |      0|  0|  15|           1|          15|
    |select_ln81_137_fu_2458_p3  |  select  |      0|  0|  15|           1|          15|
    |select_ln81_138_fu_2477_p3  |  select  |      0|  0|  15|           1|          15|
    |select_ln81_139_fu_2496_p3  |  select  |      0|  0|  15|           1|          15|
    |select_ln81_140_fu_2515_p3  |  select  |      0|  0|  15|           1|          15|
    |select_ln81_141_fu_2534_p3  |  select  |      0|  0|  15|           1|          15|
    |select_ln81_142_fu_2553_p3  |  select  |      0|  0|  15|           1|          15|
    |select_ln81_143_fu_2572_p3  |  select  |      0|  0|  15|           1|          15|
    |select_ln81_144_fu_2591_p3  |  select  |      0|  0|  15|           1|          15|
    |select_ln81_145_fu_2610_p3  |  select  |      0|  0|  15|           1|          15|
    |select_ln81_146_fu_2629_p3  |  select  |      0|  0|  15|           1|          15|
    |select_ln81_147_fu_2648_p3  |  select  |      0|  0|  15|           1|          15|
    |select_ln81_148_fu_2667_p3  |  select  |      0|  0|  15|           1|          15|
    |select_ln81_149_fu_2686_p3  |  select  |      0|  0|  15|           1|          15|
    |select_ln81_150_fu_2705_p3  |  select  |      0|  0|  15|           1|          15|
    |select_ln81_151_fu_2724_p3  |  select  |      0|  0|  15|           1|          15|
    |select_ln81_152_fu_2743_p3  |  select  |      0|  0|  15|           1|          15|
    |select_ln81_153_fu_2762_p3  |  select  |      0|  0|  15|           1|          15|
    |select_ln81_154_fu_2781_p3  |  select  |      0|  0|  15|           1|          15|
    |select_ln81_155_fu_2800_p3  |  select  |      0|  0|  15|           1|          15|
    |select_ln81_156_fu_2819_p3  |  select  |      0|  0|  15|           1|          15|
    |select_ln81_157_fu_2838_p3  |  select  |      0|  0|  15|           1|          15|
    |select_ln81_158_fu_2857_p3  |  select  |      0|  0|  15|           1|          15|
    |select_ln81_159_fu_2876_p3  |  select  |      0|  0|  15|           1|          15|
    |select_ln81_160_fu_2895_p3  |  select  |      0|  0|  15|           1|          15|
    |select_ln81_161_fu_2914_p3  |  select  |      0|  0|  15|           1|          15|
    |select_ln81_162_fu_2933_p3  |  select  |      0|  0|  15|           1|          15|
    |select_ln81_163_fu_2952_p3  |  select  |      0|  0|  15|           1|          15|
    |select_ln81_164_fu_2971_p3  |  select  |      0|  0|  15|           1|          15|
    |select_ln81_165_fu_2990_p3  |  select  |      0|  0|  15|           1|          15|
    |select_ln81_166_fu_3009_p3  |  select  |      0|  0|  15|           1|          15|
    |select_ln81_167_fu_3028_p3  |  select  |      0|  0|  15|           1|          15|
    |select_ln81_168_fu_3047_p3  |  select  |      0|  0|  15|           1|          15|
    |select_ln81_169_fu_3066_p3  |  select  |      0|  0|  15|           1|          15|
    |select_ln81_170_fu_3085_p3  |  select  |      0|  0|  15|           1|          15|
    |select_ln81_171_fu_3104_p3  |  select  |      0|  0|  15|           1|          15|
    |select_ln81_172_fu_3123_p3  |  select  |      0|  0|  15|           1|          15|
    |select_ln81_173_fu_3142_p3  |  select  |      0|  0|  15|           1|          15|
    |select_ln81_174_fu_3161_p3  |  select  |      0|  0|  15|           1|          15|
    |select_ln81_175_fu_3180_p3  |  select  |      0|  0|  15|           1|          15|
    |select_ln81_176_fu_3199_p3  |  select  |      0|  0|  15|           1|          15|
    |select_ln81_177_fu_3218_p3  |  select  |      0|  0|  15|           1|          15|
    |select_ln81_178_fu_3237_p3  |  select  |      0|  0|  15|           1|          15|
    |select_ln81_179_fu_3256_p3  |  select  |      0|  0|  15|           1|          15|
    |select_ln81_180_fu_3275_p3  |  select  |      0|  0|  15|           1|          15|
    |select_ln81_181_fu_3294_p3  |  select  |      0|  0|  15|           1|          15|
    |select_ln81_182_fu_3313_p3  |  select  |      0|  0|  15|           1|          15|
    |select_ln81_183_fu_3332_p3  |  select  |      0|  0|  15|           1|          15|
    |select_ln81_184_fu_3351_p3  |  select  |      0|  0|  15|           1|          15|
    |select_ln81_185_fu_3370_p3  |  select  |      0|  0|  15|           1|          15|
    |select_ln81_186_fu_3389_p3  |  select  |      0|  0|  15|           1|          15|
    |select_ln81_187_fu_3408_p3  |  select  |      0|  0|  15|           1|          15|
    |select_ln81_188_fu_3427_p3  |  select  |      0|  0|  15|           1|          15|
    |select_ln81_189_fu_3446_p3  |  select  |      0|  0|  15|           1|          15|
    |select_ln81_190_fu_3465_p3  |  select  |      0|  0|  15|           1|          15|
    |select_ln81_191_fu_3484_p3  |  select  |      0|  0|  15|           1|          15|
    |select_ln81_192_fu_3503_p3  |  select  |      0|  0|  15|           1|          15|
    |select_ln81_193_fu_3522_p3  |  select  |      0|  0|  15|           1|          15|
    |select_ln81_194_fu_3541_p3  |  select  |      0|  0|  15|           1|          15|
    |select_ln81_195_fu_3560_p3  |  select  |      0|  0|  15|           1|          15|
    |select_ln81_196_fu_3579_p3  |  select  |      0|  0|  15|           1|          15|
    |select_ln81_197_fu_3598_p3  |  select  |      0|  0|  15|           1|          15|
    |select_ln81_198_fu_3617_p3  |  select  |      0|  0|  15|           1|          15|
    |select_ln81_fu_1736_p3      |  select  |      0|  0|  15|           1|          15|
    +----------------------------+----------+-------+---+----+------------+------------+
    |Total                       |          |      0|  0|2802|        1701|        1601|
    +----------------------------+----------+-------+---+----+------------+------------+

    * Multiplexer: 
    +----------+----+-----------+-----+-----------+
    |   Name   | LUT| Input Size| Bits| Total Bits|
    +----------+----+-----------+-----+-----------+
    |ap_done   |   9|          2|    1|          2|
    |res_0_V   |   9|          2|   15|         30|
    |res_10_V  |   9|          2|   15|         30|
    |res_11_V  |   9|          2|   15|         30|
    |res_12_V  |   9|          2|   15|         30|
    |res_13_V  |   9|          2|   15|         30|
    |res_14_V  |   9|          2|   15|         30|
    |res_15_V  |   9|          2|   15|         30|
    |res_16_V  |   9|          2|   15|         30|
    |res_17_V  |   9|          2|   15|         30|
    |res_18_V  |   9|          2|   15|         30|
    |res_19_V  |   9|          2|   15|         30|
    |res_1_V   |   9|          2|   15|         30|
    |res_20_V  |   9|          2|   15|         30|
    |res_21_V  |   9|          2|   15|         30|
    |res_22_V  |   9|          2|   15|         30|
    |res_23_V  |   9|          2|   15|         30|
    |res_24_V  |   9|          2|   15|         30|
    |res_25_V  |   9|          2|   15|         30|
    |res_26_V  |   9|          2|   15|         30|
    |res_27_V  |   9|          2|   15|         30|
    |res_28_V  |   9|          2|   15|         30|
    |res_29_V  |   9|          2|   15|         30|
    |res_2_V   |   9|          2|   15|         30|
    |res_30_V  |   9|          2|   15|         30|
    |res_31_V  |   9|          2|   15|         30|
    |res_32_V  |   9|          2|   15|         30|
    |res_33_V  |   9|          2|   15|         30|
    |res_34_V  |   9|          2|   15|         30|
    |res_35_V  |   9|          2|   15|         30|
    |res_36_V  |   9|          2|   15|         30|
    |res_37_V  |   9|          2|   15|         30|
    |res_38_V  |   9|          2|   15|         30|
    |res_39_V  |   9|          2|   15|         30|
    |res_3_V   |   9|          2|   15|         30|
    |res_40_V  |   9|          2|   15|         30|
    |res_41_V  |   9|          2|   15|         30|
    |res_42_V  |   9|          2|   15|         30|
    |res_43_V  |   9|          2|   15|         30|
    |res_44_V  |   9|          2|   15|         30|
    |res_45_V  |   9|          2|   15|         30|
    |res_46_V  |   9|          2|   15|         30|
    |res_47_V  |   9|          2|   15|         30|
    |res_48_V  |   9|          2|   15|         30|
    |res_49_V  |   9|          2|   15|         30|
    |res_4_V   |   9|          2|   15|         30|
    |res_50_V  |   9|          2|   15|         30|
    |res_51_V  |   9|          2|   15|         30|
    |res_52_V  |   9|          2|   15|         30|
    |res_53_V  |   9|          2|   15|         30|
    |res_54_V  |   9|          2|   15|         30|
    |res_55_V  |   9|          2|   15|         30|
    |res_56_V  |   9|          2|   15|         30|
    |res_57_V  |   9|          2|   15|         30|
    |res_58_V  |   9|          2|   15|         30|
    |res_59_V  |   9|          2|   15|         30|
    |res_5_V   |   9|          2|   15|         30|
    |res_60_V  |   9|          2|   15|         30|
    |res_61_V  |   9|          2|   15|         30|
    |res_62_V  |   9|          2|   15|         30|
    |res_63_V  |   9|          2|   15|         30|
    |res_64_V  |   9|          2|   15|         30|
    |res_65_V  |   9|          2|   15|         30|
    |res_66_V  |   9|          2|   15|         30|
    |res_67_V  |   9|          2|   15|         30|
    |res_68_V  |   9|          2|   15|         30|
    |res_69_V  |   9|          2|   15|         30|
    |res_6_V   |   9|          2|   15|         30|
    |res_70_V  |   9|          2|   15|         30|
    |res_71_V  |   9|          2|   15|         30|
    |res_72_V  |   9|          2|   15|         30|
    |res_73_V  |   9|          2|   15|         30|
    |res_74_V  |   9|          2|   15|         30|
    |res_75_V  |   9|          2|   15|         30|
    |res_76_V  |   9|          2|   15|         30|
    |res_77_V  |   9|          2|   15|         30|
    |res_78_V  |   9|          2|   15|         30|
    |res_79_V  |   9|          2|   15|         30|
    |res_7_V   |   9|          2|   15|         30|
    |res_80_V  |   9|          2|   15|         30|
    |res_81_V  |   9|          2|   15|         30|
    |res_82_V  |   9|          2|   15|         30|
    |res_83_V  |   9|          2|   15|         30|
    |res_84_V  |   9|          2|   15|         30|
    |res_85_V  |   9|          2|   15|         30|
    |res_86_V  |   9|          2|   15|         30|
    |res_87_V  |   9|          2|   15|         30|
    |res_88_V  |   9|          2|   15|         30|
    |res_89_V  |   9|          2|   15|         30|
    |res_8_V   |   9|          2|   15|         30|
    |res_90_V  |   9|          2|   15|         30|
    |res_91_V  |   9|          2|   15|         30|
    |res_92_V  |   9|          2|   15|         30|
    |res_93_V  |   9|          2|   15|         30|
    |res_94_V  |   9|          2|   15|         30|
    |res_95_V  |   9|          2|   15|         30|
    |res_96_V  |   9|          2|   15|         30|
    |res_97_V  |   9|          2|   15|         30|
    |res_98_V  |   9|          2|   15|         30|
    |res_99_V  |   9|          2|   15|         30|
    |res_9_V   |   9|          2|   15|         30|
    +----------+----+-----------+-----+-----------+
    |Total     | 909|        202| 1501|       3002|
    +----------+----+-----------+-----+-----------+

    * Register: 
    +---------------+----+----+-----+-----------+
    |      Name     | FF | LUT| Bits| Const Bits|
    +---------------+----+----+-----+-----------+
    |ap_CS_fsm      |   1|   0|    1|          0|
    |ap_done_reg    |   1|   0|    1|          0|
    |res_0_V_preg   |  15|   0|   15|          0|
    |res_10_V_preg  |  15|   0|   15|          0|
    |res_11_V_preg  |  15|   0|   15|          0|
    |res_12_V_preg  |  15|   0|   15|          0|
    |res_13_V_preg  |  15|   0|   15|          0|
    |res_14_V_preg  |  15|   0|   15|          0|
    |res_15_V_preg  |  15|   0|   15|          0|
    |res_16_V_preg  |  15|   0|   15|          0|
    |res_17_V_preg  |  15|   0|   15|          0|
    |res_18_V_preg  |  15|   0|   15|          0|
    |res_19_V_preg  |  15|   0|   15|          0|
    |res_1_V_preg   |  15|   0|   15|          0|
    |res_20_V_preg  |  15|   0|   15|          0|
    |res_21_V_preg  |  15|   0|   15|          0|
    |res_22_V_preg  |  15|   0|   15|          0|
    |res_23_V_preg  |  15|   0|   15|          0|
    |res_24_V_preg  |  15|   0|   15|          0|
    |res_25_V_preg  |  15|   0|   15|          0|
    |res_26_V_preg  |  15|   0|   15|          0|
    |res_27_V_preg  |  15|   0|   15|          0|
    |res_28_V_preg  |  15|   0|   15|          0|
    |res_29_V_preg  |  15|   0|   15|          0|
    |res_2_V_preg   |  15|   0|   15|          0|
    |res_30_V_preg  |  15|   0|   15|          0|
    |res_31_V_preg  |  15|   0|   15|          0|
    |res_32_V_preg  |  15|   0|   15|          0|
    |res_33_V_preg  |  15|   0|   15|          0|
    |res_34_V_preg  |  15|   0|   15|          0|
    |res_35_V_preg  |  15|   0|   15|          0|
    |res_36_V_preg  |  15|   0|   15|          0|
    |res_37_V_preg  |  15|   0|   15|          0|
    |res_38_V_preg  |  15|   0|   15|          0|
    |res_39_V_preg  |  15|   0|   15|          0|
    |res_3_V_preg   |  15|   0|   15|          0|
    |res_40_V_preg  |  15|   0|   15|          0|
    |res_41_V_preg  |  15|   0|   15|          0|
    |res_42_V_preg  |  15|   0|   15|          0|
    |res_43_V_preg  |  15|   0|   15|          0|
    |res_44_V_preg  |  15|   0|   15|          0|
    |res_45_V_preg  |  15|   0|   15|          0|
    |res_46_V_preg  |  15|   0|   15|          0|
    |res_47_V_preg  |  15|   0|   15|          0|
    |res_48_V_preg  |  15|   0|   15|          0|
    |res_49_V_preg  |  15|   0|   15|          0|
    |res_4_V_preg   |  15|   0|   15|          0|
    |res_50_V_preg  |  15|   0|   15|          0|
    |res_51_V_preg  |  15|   0|   15|          0|
    |res_52_V_preg  |  15|   0|   15|          0|
    |res_53_V_preg  |  15|   0|   15|          0|
    |res_54_V_preg  |  15|   0|   15|          0|
    |res_55_V_preg  |  15|   0|   15|          0|
    |res_56_V_preg  |  15|   0|   15|          0|
    |res_57_V_preg  |  15|   0|   15|          0|
    |res_58_V_preg  |  15|   0|   15|          0|
    |res_59_V_preg  |  15|   0|   15|          0|
    |res_5_V_preg   |  15|   0|   15|          0|
    |res_60_V_preg  |  15|   0|   15|          0|
    |res_61_V_preg  |  15|   0|   15|          0|
    |res_62_V_preg  |  15|   0|   15|          0|
    |res_63_V_preg  |  15|   0|   15|          0|
    |res_64_V_preg  |  15|   0|   15|          0|
    |res_65_V_preg  |  15|   0|   15|          0|
    |res_66_V_preg  |  15|   0|   15|          0|
    |res_67_V_preg  |  15|   0|   15|          0|
    |res_68_V_preg  |  15|   0|   15|          0|
    |res_69_V_preg  |  15|   0|   15|          0|
    |res_6_V_preg   |  15|   0|   15|          0|
    |res_70_V_preg  |  15|   0|   15|          0|
    |res_71_V_preg  |  15|   0|   15|          0|
    |res_72_V_preg  |  15|   0|   15|          0|
    |res_73_V_preg  |  15|   0|   15|          0|
    |res_74_V_preg  |  15|   0|   15|          0|
    |res_75_V_preg  |  15|   0|   15|          0|
    |res_76_V_preg  |  15|   0|   15|          0|
    |res_77_V_preg  |  15|   0|   15|          0|
    |res_78_V_preg  |  15|   0|   15|          0|
    |res_79_V_preg  |  15|   0|   15|          0|
    |res_7_V_preg   |  15|   0|   15|          0|
    |res_80_V_preg  |  15|   0|   15|          0|
    |res_81_V_preg  |  15|   0|   15|          0|
    |res_82_V_preg  |  15|   0|   15|          0|
    |res_83_V_preg  |  15|   0|   15|          0|
    |res_84_V_preg  |  15|   0|   15|          0|
    |res_85_V_preg  |  15|   0|   15|          0|
    |res_86_V_preg  |  15|   0|   15|          0|
    |res_87_V_preg  |  15|   0|   15|          0|
    |res_88_V_preg  |  15|   0|   15|          0|
    |res_89_V_preg  |  15|   0|   15|          0|
    |res_8_V_preg   |  15|   0|   15|          0|
    |res_90_V_preg  |  15|   0|   15|          0|
    |res_91_V_preg  |  15|   0|   15|          0|
    |res_92_V_preg  |  15|   0|   15|          0|
    |res_93_V_preg  |  15|   0|   15|          0|
    |res_94_V_preg  |  15|   0|   15|          0|
    |res_95_V_preg  |  15|   0|   15|          0|
    |res_96_V_preg  |  15|   0|   15|          0|
    |res_97_V_preg  |  15|   0|   15|          0|
    |res_98_V_preg  |  15|   0|   15|          0|
    |res_99_V_preg  |  15|   0|   15|          0|
    |res_9_V_preg   |  15|   0|   15|          0|
    +---------------+----+----+-----+-----------+
    |Total          |1502|   0| 1502|          0|
    +---------------+----+----+-----+-----------+



================================================================
== Interface
================================================================
* Summary: 
+-----------------+-----+-----+------------+--------------------------------------------------+--------------+
|    RTL Ports    | Dir | Bits|  Protocol  |                   Source Object                  |    C Type    |
+-----------------+-----+-----+------------+--------------------------------------------------+--------------+
|ap_clk           |  in |    1| ap_ctrl_hs | relu<ap_fixed,ap_fixed<16,6,0,0,0>,relu_config4> | return value |
|ap_rst           |  in |    1| ap_ctrl_hs | relu<ap_fixed,ap_fixed<16,6,0,0,0>,relu_config4> | return value |
|ap_start         |  in |    1| ap_ctrl_hs | relu<ap_fixed,ap_fixed<16,6,0,0,0>,relu_config4> | return value |
|ap_done          | out |    1| ap_ctrl_hs | relu<ap_fixed,ap_fixed<16,6,0,0,0>,relu_config4> | return value |
|ap_continue      |  in |    1| ap_ctrl_hs | relu<ap_fixed,ap_fixed<16,6,0,0,0>,relu_config4> | return value |
|ap_idle          | out |    1| ap_ctrl_hs | relu<ap_fixed,ap_fixed<16,6,0,0,0>,relu_config4> | return value |
|ap_ready         | out |    1| ap_ctrl_hs | relu<ap_fixed,ap_fixed<16,6,0,0,0>,relu_config4> | return value |
|data_0_V         |  in |   16|   ap_none  |                     data_0_V                     |    pointer   |
|data_1_V         |  in |   16|   ap_none  |                     data_1_V                     |    pointer   |
|data_2_V         |  in |   16|   ap_none  |                     data_2_V                     |    pointer   |
|data_3_V         |  in |   16|   ap_none  |                     data_3_V                     |    pointer   |
|data_4_V         |  in |   16|   ap_none  |                     data_4_V                     |    pointer   |
|data_5_V         |  in |   16|   ap_none  |                     data_5_V                     |    pointer   |
|data_6_V         |  in |   16|   ap_none  |                     data_6_V                     |    pointer   |
|data_7_V         |  in |   16|   ap_none  |                     data_7_V                     |    pointer   |
|data_8_V         |  in |   16|   ap_none  |                     data_8_V                     |    pointer   |
|data_9_V         |  in |   16|   ap_none  |                     data_9_V                     |    pointer   |
|data_10_V        |  in |   16|   ap_none  |                     data_10_V                    |    pointer   |
|data_11_V        |  in |   16|   ap_none  |                     data_11_V                    |    pointer   |
|data_12_V        |  in |   16|   ap_none  |                     data_12_V                    |    pointer   |
|data_13_V        |  in |   16|   ap_none  |                     data_13_V                    |    pointer   |
|data_14_V        |  in |   16|   ap_none  |                     data_14_V                    |    pointer   |
|data_15_V        |  in |   16|   ap_none  |                     data_15_V                    |    pointer   |
|data_16_V        |  in |   16|   ap_none  |                     data_16_V                    |    pointer   |
|data_17_V        |  in |   16|   ap_none  |                     data_17_V                    |    pointer   |
|data_18_V        |  in |   16|   ap_none  |                     data_18_V                    |    pointer   |
|data_19_V        |  in |   16|   ap_none  |                     data_19_V                    |    pointer   |
|data_20_V        |  in |   16|   ap_none  |                     data_20_V                    |    pointer   |
|data_21_V        |  in |   16|   ap_none  |                     data_21_V                    |    pointer   |
|data_22_V        |  in |   16|   ap_none  |                     data_22_V                    |    pointer   |
|data_23_V        |  in |   16|   ap_none  |                     data_23_V                    |    pointer   |
|data_24_V        |  in |   16|   ap_none  |                     data_24_V                    |    pointer   |
|data_25_V        |  in |   16|   ap_none  |                     data_25_V                    |    pointer   |
|data_26_V        |  in |   16|   ap_none  |                     data_26_V                    |    pointer   |
|data_27_V        |  in |   16|   ap_none  |                     data_27_V                    |    pointer   |
|data_28_V        |  in |   16|   ap_none  |                     data_28_V                    |    pointer   |
|data_29_V        |  in |   16|   ap_none  |                     data_29_V                    |    pointer   |
|data_30_V        |  in |   16|   ap_none  |                     data_30_V                    |    pointer   |
|data_31_V        |  in |   16|   ap_none  |                     data_31_V                    |    pointer   |
|data_32_V        |  in |   16|   ap_none  |                     data_32_V                    |    pointer   |
|data_33_V        |  in |   16|   ap_none  |                     data_33_V                    |    pointer   |
|data_34_V        |  in |   16|   ap_none  |                     data_34_V                    |    pointer   |
|data_35_V        |  in |   16|   ap_none  |                     data_35_V                    |    pointer   |
|data_36_V        |  in |   16|   ap_none  |                     data_36_V                    |    pointer   |
|data_37_V        |  in |   16|   ap_none  |                     data_37_V                    |    pointer   |
|data_38_V        |  in |   16|   ap_none  |                     data_38_V                    |    pointer   |
|data_39_V        |  in |   16|   ap_none  |                     data_39_V                    |    pointer   |
|data_40_V        |  in |   16|   ap_none  |                     data_40_V                    |    pointer   |
|data_41_V        |  in |   16|   ap_none  |                     data_41_V                    |    pointer   |
|data_42_V        |  in |   16|   ap_none  |                     data_42_V                    |    pointer   |
|data_43_V        |  in |   16|   ap_none  |                     data_43_V                    |    pointer   |
|data_44_V        |  in |   16|   ap_none  |                     data_44_V                    |    pointer   |
|data_45_V        |  in |   16|   ap_none  |                     data_45_V                    |    pointer   |
|data_46_V        |  in |   16|   ap_none  |                     data_46_V                    |    pointer   |
|data_47_V        |  in |   16|   ap_none  |                     data_47_V                    |    pointer   |
|data_48_V        |  in |   16|   ap_none  |                     data_48_V                    |    pointer   |
|data_49_V        |  in |   16|   ap_none  |                     data_49_V                    |    pointer   |
|data_50_V        |  in |   16|   ap_none  |                     data_50_V                    |    pointer   |
|data_51_V        |  in |   16|   ap_none  |                     data_51_V                    |    pointer   |
|data_52_V        |  in |   16|   ap_none  |                     data_52_V                    |    pointer   |
|data_53_V        |  in |   16|   ap_none  |                     data_53_V                    |    pointer   |
|data_54_V        |  in |   16|   ap_none  |                     data_54_V                    |    pointer   |
|data_55_V        |  in |   16|   ap_none  |                     data_55_V                    |    pointer   |
|data_56_V        |  in |   16|   ap_none  |                     data_56_V                    |    pointer   |
|data_57_V        |  in |   16|   ap_none  |                     data_57_V                    |    pointer   |
|data_58_V        |  in |   16|   ap_none  |                     data_58_V                    |    pointer   |
|data_59_V        |  in |   16|   ap_none  |                     data_59_V                    |    pointer   |
|data_60_V        |  in |   16|   ap_none  |                     data_60_V                    |    pointer   |
|data_61_V        |  in |   16|   ap_none  |                     data_61_V                    |    pointer   |
|data_62_V        |  in |   16|   ap_none  |                     data_62_V                    |    pointer   |
|data_63_V        |  in |   16|   ap_none  |                     data_63_V                    |    pointer   |
|data_64_V        |  in |   16|   ap_none  |                     data_64_V                    |    pointer   |
|data_65_V        |  in |   16|   ap_none  |                     data_65_V                    |    pointer   |
|data_66_V        |  in |   16|   ap_none  |                     data_66_V                    |    pointer   |
|data_67_V        |  in |   16|   ap_none  |                     data_67_V                    |    pointer   |
|data_68_V        |  in |   16|   ap_none  |                     data_68_V                    |    pointer   |
|data_69_V        |  in |   16|   ap_none  |                     data_69_V                    |    pointer   |
|data_70_V        |  in |   16|   ap_none  |                     data_70_V                    |    pointer   |
|data_71_V        |  in |   16|   ap_none  |                     data_71_V                    |    pointer   |
|data_72_V        |  in |   16|   ap_none  |                     data_72_V                    |    pointer   |
|data_73_V        |  in |   16|   ap_none  |                     data_73_V                    |    pointer   |
|data_74_V        |  in |   16|   ap_none  |                     data_74_V                    |    pointer   |
|data_75_V        |  in |   16|   ap_none  |                     data_75_V                    |    pointer   |
|data_76_V        |  in |   16|   ap_none  |                     data_76_V                    |    pointer   |
|data_77_V        |  in |   16|   ap_none  |                     data_77_V                    |    pointer   |
|data_78_V        |  in |   16|   ap_none  |                     data_78_V                    |    pointer   |
|data_79_V        |  in |   16|   ap_none  |                     data_79_V                    |    pointer   |
|data_80_V        |  in |   16|   ap_none  |                     data_80_V                    |    pointer   |
|data_81_V        |  in |   16|   ap_none  |                     data_81_V                    |    pointer   |
|data_82_V        |  in |   16|   ap_none  |                     data_82_V                    |    pointer   |
|data_83_V        |  in |   16|   ap_none  |                     data_83_V                    |    pointer   |
|data_84_V        |  in |   16|   ap_none  |                     data_84_V                    |    pointer   |
|data_85_V        |  in |   16|   ap_none  |                     data_85_V                    |    pointer   |
|data_86_V        |  in |   16|   ap_none  |                     data_86_V                    |    pointer   |
|data_87_V        |  in |   16|   ap_none  |                     data_87_V                    |    pointer   |
|data_88_V        |  in |   16|   ap_none  |                     data_88_V                    |    pointer   |
|data_89_V        |  in |   16|   ap_none  |                     data_89_V                    |    pointer   |
|data_90_V        |  in |   16|   ap_none  |                     data_90_V                    |    pointer   |
|data_91_V        |  in |   16|   ap_none  |                     data_91_V                    |    pointer   |
|data_92_V        |  in |   16|   ap_none  |                     data_92_V                    |    pointer   |
|data_93_V        |  in |   16|   ap_none  |                     data_93_V                    |    pointer   |
|data_94_V        |  in |   16|   ap_none  |                     data_94_V                    |    pointer   |
|data_95_V        |  in |   16|   ap_none  |                     data_95_V                    |    pointer   |
|data_96_V        |  in |   16|   ap_none  |                     data_96_V                    |    pointer   |
|data_97_V        |  in |   16|   ap_none  |                     data_97_V                    |    pointer   |
|data_98_V        |  in |   16|   ap_none  |                     data_98_V                    |    pointer   |
|data_99_V        |  in |   16|   ap_none  |                     data_99_V                    |    pointer   |
|res_0_V          | out |   15|   ap_vld   |                      res_0_V                     |    pointer   |
|res_0_V_ap_vld   | out |    1|   ap_vld   |                      res_0_V                     |    pointer   |
|res_1_V          | out |   15|   ap_vld   |                      res_1_V                     |    pointer   |
|res_1_V_ap_vld   | out |    1|   ap_vld   |                      res_1_V                     |    pointer   |
|res_2_V          | out |   15|   ap_vld   |                      res_2_V                     |    pointer   |
|res_2_V_ap_vld   | out |    1|   ap_vld   |                      res_2_V                     |    pointer   |
|res_3_V          | out |   15|   ap_vld   |                      res_3_V                     |    pointer   |
|res_3_V_ap_vld   | out |    1|   ap_vld   |                      res_3_V                     |    pointer   |
|res_4_V          | out |   15|   ap_vld   |                      res_4_V                     |    pointer   |
|res_4_V_ap_vld   | out |    1|   ap_vld   |                      res_4_V                     |    pointer   |
|res_5_V          | out |   15|   ap_vld   |                      res_5_V                     |    pointer   |
|res_5_V_ap_vld   | out |    1|   ap_vld   |                      res_5_V                     |    pointer   |
|res_6_V          | out |   15|   ap_vld   |                      res_6_V                     |    pointer   |
|res_6_V_ap_vld   | out |    1|   ap_vld   |                      res_6_V                     |    pointer   |
|res_7_V          | out |   15|   ap_vld   |                      res_7_V                     |    pointer   |
|res_7_V_ap_vld   | out |    1|   ap_vld   |                      res_7_V                     |    pointer   |
|res_8_V          | out |   15|   ap_vld   |                      res_8_V                     |    pointer   |
|res_8_V_ap_vld   | out |    1|   ap_vld   |                      res_8_V                     |    pointer   |
|res_9_V          | out |   15|   ap_vld   |                      res_9_V                     |    pointer   |
|res_9_V_ap_vld   | out |    1|   ap_vld   |                      res_9_V                     |    pointer   |
|res_10_V         | out |   15|   ap_vld   |                     res_10_V                     |    pointer   |
|res_10_V_ap_vld  | out |    1|   ap_vld   |                     res_10_V                     |    pointer   |
|res_11_V         | out |   15|   ap_vld   |                     res_11_V                     |    pointer   |
|res_11_V_ap_vld  | out |    1|   ap_vld   |                     res_11_V                     |    pointer   |
|res_12_V         | out |   15|   ap_vld   |                     res_12_V                     |    pointer   |
|res_12_V_ap_vld  | out |    1|   ap_vld   |                     res_12_V                     |    pointer   |
|res_13_V         | out |   15|   ap_vld   |                     res_13_V                     |    pointer   |
|res_13_V_ap_vld  | out |    1|   ap_vld   |                     res_13_V                     |    pointer   |
|res_14_V         | out |   15|   ap_vld   |                     res_14_V                     |    pointer   |
|res_14_V_ap_vld  | out |    1|   ap_vld   |                     res_14_V                     |    pointer   |
|res_15_V         | out |   15|   ap_vld   |                     res_15_V                     |    pointer   |
|res_15_V_ap_vld  | out |    1|   ap_vld   |                     res_15_V                     |    pointer   |
|res_16_V         | out |   15|   ap_vld   |                     res_16_V                     |    pointer   |
|res_16_V_ap_vld  | out |    1|   ap_vld   |                     res_16_V                     |    pointer   |
|res_17_V         | out |   15|   ap_vld   |                     res_17_V                     |    pointer   |
|res_17_V_ap_vld  | out |    1|   ap_vld   |                     res_17_V                     |    pointer   |
|res_18_V         | out |   15|   ap_vld   |                     res_18_V                     |    pointer   |
|res_18_V_ap_vld  | out |    1|   ap_vld   |                     res_18_V                     |    pointer   |
|res_19_V         | out |   15|   ap_vld   |                     res_19_V                     |    pointer   |
|res_19_V_ap_vld  | out |    1|   ap_vld   |                     res_19_V                     |    pointer   |
|res_20_V         | out |   15|   ap_vld   |                     res_20_V                     |    pointer   |
|res_20_V_ap_vld  | out |    1|   ap_vld   |                     res_20_V                     |    pointer   |
|res_21_V         | out |   15|   ap_vld   |                     res_21_V                     |    pointer   |
|res_21_V_ap_vld  | out |    1|   ap_vld   |                     res_21_V                     |    pointer   |
|res_22_V         | out |   15|   ap_vld   |                     res_22_V                     |    pointer   |
|res_22_V_ap_vld  | out |    1|   ap_vld   |                     res_22_V                     |    pointer   |
|res_23_V         | out |   15|   ap_vld   |                     res_23_V                     |    pointer   |
|res_23_V_ap_vld  | out |    1|   ap_vld   |                     res_23_V                     |    pointer   |
|res_24_V         | out |   15|   ap_vld   |                     res_24_V                     |    pointer   |
|res_24_V_ap_vld  | out |    1|   ap_vld   |                     res_24_V                     |    pointer   |
|res_25_V         | out |   15|   ap_vld   |                     res_25_V                     |    pointer   |
|res_25_V_ap_vld  | out |    1|   ap_vld   |                     res_25_V                     |    pointer   |
|res_26_V         | out |   15|   ap_vld   |                     res_26_V                     |    pointer   |
|res_26_V_ap_vld  | out |    1|   ap_vld   |                     res_26_V                     |    pointer   |
|res_27_V         | out |   15|   ap_vld   |                     res_27_V                     |    pointer   |
|res_27_V_ap_vld  | out |    1|   ap_vld   |                     res_27_V                     |    pointer   |
|res_28_V         | out |   15|   ap_vld   |                     res_28_V                     |    pointer   |
|res_28_V_ap_vld  | out |    1|   ap_vld   |                     res_28_V                     |    pointer   |
|res_29_V         | out |   15|   ap_vld   |                     res_29_V                     |    pointer   |
|res_29_V_ap_vld  | out |    1|   ap_vld   |                     res_29_V                     |    pointer   |
|res_30_V         | out |   15|   ap_vld   |                     res_30_V                     |    pointer   |
|res_30_V_ap_vld  | out |    1|   ap_vld   |                     res_30_V                     |    pointer   |
|res_31_V         | out |   15|   ap_vld   |                     res_31_V                     |    pointer   |
|res_31_V_ap_vld  | out |    1|   ap_vld   |                     res_31_V                     |    pointer   |
|res_32_V         | out |   15|   ap_vld   |                     res_32_V                     |    pointer   |
|res_32_V_ap_vld  | out |    1|   ap_vld   |                     res_32_V                     |    pointer   |
|res_33_V         | out |   15|   ap_vld   |                     res_33_V                     |    pointer   |
|res_33_V_ap_vld  | out |    1|   ap_vld   |                     res_33_V                     |    pointer   |
|res_34_V         | out |   15|   ap_vld   |                     res_34_V                     |    pointer   |
|res_34_V_ap_vld  | out |    1|   ap_vld   |                     res_34_V                     |    pointer   |
|res_35_V         | out |   15|   ap_vld   |                     res_35_V                     |    pointer   |
|res_35_V_ap_vld  | out |    1|   ap_vld   |                     res_35_V                     |    pointer   |
|res_36_V         | out |   15|   ap_vld   |                     res_36_V                     |    pointer   |
|res_36_V_ap_vld  | out |    1|   ap_vld   |                     res_36_V                     |    pointer   |
|res_37_V         | out |   15|   ap_vld   |                     res_37_V                     |    pointer   |
|res_37_V_ap_vld  | out |    1|   ap_vld   |                     res_37_V                     |    pointer   |
|res_38_V         | out |   15|   ap_vld   |                     res_38_V                     |    pointer   |
|res_38_V_ap_vld  | out |    1|   ap_vld   |                     res_38_V                     |    pointer   |
|res_39_V         | out |   15|   ap_vld   |                     res_39_V                     |    pointer   |
|res_39_V_ap_vld  | out |    1|   ap_vld   |                     res_39_V                     |    pointer   |
|res_40_V         | out |   15|   ap_vld   |                     res_40_V                     |    pointer   |
|res_40_V_ap_vld  | out |    1|   ap_vld   |                     res_40_V                     |    pointer   |
|res_41_V         | out |   15|   ap_vld   |                     res_41_V                     |    pointer   |
|res_41_V_ap_vld  | out |    1|   ap_vld   |                     res_41_V                     |    pointer   |
|res_42_V         | out |   15|   ap_vld   |                     res_42_V                     |    pointer   |
|res_42_V_ap_vld  | out |    1|   ap_vld   |                     res_42_V                     |    pointer   |
|res_43_V         | out |   15|   ap_vld   |                     res_43_V                     |    pointer   |
|res_43_V_ap_vld  | out |    1|   ap_vld   |                     res_43_V                     |    pointer   |
|res_44_V         | out |   15|   ap_vld   |                     res_44_V                     |    pointer   |
|res_44_V_ap_vld  | out |    1|   ap_vld   |                     res_44_V                     |    pointer   |
|res_45_V         | out |   15|   ap_vld   |                     res_45_V                     |    pointer   |
|res_45_V_ap_vld  | out |    1|   ap_vld   |                     res_45_V                     |    pointer   |
|res_46_V         | out |   15|   ap_vld   |                     res_46_V                     |    pointer   |
|res_46_V_ap_vld  | out |    1|   ap_vld   |                     res_46_V                     |    pointer   |
|res_47_V         | out |   15|   ap_vld   |                     res_47_V                     |    pointer   |
|res_47_V_ap_vld  | out |    1|   ap_vld   |                     res_47_V                     |    pointer   |
|res_48_V         | out |   15|   ap_vld   |                     res_48_V                     |    pointer   |
|res_48_V_ap_vld  | out |    1|   ap_vld   |                     res_48_V                     |    pointer   |
|res_49_V         | out |   15|   ap_vld   |                     res_49_V                     |    pointer   |
|res_49_V_ap_vld  | out |    1|   ap_vld   |                     res_49_V                     |    pointer   |
|res_50_V         | out |   15|   ap_vld   |                     res_50_V                     |    pointer   |
|res_50_V_ap_vld  | out |    1|   ap_vld   |                     res_50_V                     |    pointer   |
|res_51_V         | out |   15|   ap_vld   |                     res_51_V                     |    pointer   |
|res_51_V_ap_vld  | out |    1|   ap_vld   |                     res_51_V                     |    pointer   |
|res_52_V         | out |   15|   ap_vld   |                     res_52_V                     |    pointer   |
|res_52_V_ap_vld  | out |    1|   ap_vld   |                     res_52_V                     |    pointer   |
|res_53_V         | out |   15|   ap_vld   |                     res_53_V                     |    pointer   |
|res_53_V_ap_vld  | out |    1|   ap_vld   |                     res_53_V                     |    pointer   |
|res_54_V         | out |   15|   ap_vld   |                     res_54_V                     |    pointer   |
|res_54_V_ap_vld  | out |    1|   ap_vld   |                     res_54_V                     |    pointer   |
|res_55_V         | out |   15|   ap_vld   |                     res_55_V                     |    pointer   |
|res_55_V_ap_vld  | out |    1|   ap_vld   |                     res_55_V                     |    pointer   |
|res_56_V         | out |   15|   ap_vld   |                     res_56_V                     |    pointer   |
|res_56_V_ap_vld  | out |    1|   ap_vld   |                     res_56_V                     |    pointer   |
|res_57_V         | out |   15|   ap_vld   |                     res_57_V                     |    pointer   |
|res_57_V_ap_vld  | out |    1|   ap_vld   |                     res_57_V                     |    pointer   |
|res_58_V         | out |   15|   ap_vld   |                     res_58_V                     |    pointer   |
|res_58_V_ap_vld  | out |    1|   ap_vld   |                     res_58_V                     |    pointer   |
|res_59_V         | out |   15|   ap_vld   |                     res_59_V                     |    pointer   |
|res_59_V_ap_vld  | out |    1|   ap_vld   |                     res_59_V                     |    pointer   |
|res_60_V         | out |   15|   ap_vld   |                     res_60_V                     |    pointer   |
|res_60_V_ap_vld  | out |    1|   ap_vld   |                     res_60_V                     |    pointer   |
|res_61_V         | out |   15|   ap_vld   |                     res_61_V                     |    pointer   |
|res_61_V_ap_vld  | out |    1|   ap_vld   |                     res_61_V                     |    pointer   |
|res_62_V         | out |   15|   ap_vld   |                     res_62_V                     |    pointer   |
|res_62_V_ap_vld  | out |    1|   ap_vld   |                     res_62_V                     |    pointer   |
|res_63_V         | out |   15|   ap_vld   |                     res_63_V                     |    pointer   |
|res_63_V_ap_vld  | out |    1|   ap_vld   |                     res_63_V                     |    pointer   |
|res_64_V         | out |   15|   ap_vld   |                     res_64_V                     |    pointer   |
|res_64_V_ap_vld  | out |    1|   ap_vld   |                     res_64_V                     |    pointer   |
|res_65_V         | out |   15|   ap_vld   |                     res_65_V                     |    pointer   |
|res_65_V_ap_vld  | out |    1|   ap_vld   |                     res_65_V                     |    pointer   |
|res_66_V         | out |   15|   ap_vld   |                     res_66_V                     |    pointer   |
|res_66_V_ap_vld  | out |    1|   ap_vld   |                     res_66_V                     |    pointer   |
|res_67_V         | out |   15|   ap_vld   |                     res_67_V                     |    pointer   |
|res_67_V_ap_vld  | out |    1|   ap_vld   |                     res_67_V                     |    pointer   |
|res_68_V         | out |   15|   ap_vld   |                     res_68_V                     |    pointer   |
|res_68_V_ap_vld  | out |    1|   ap_vld   |                     res_68_V                     |    pointer   |
|res_69_V         | out |   15|   ap_vld   |                     res_69_V                     |    pointer   |
|res_69_V_ap_vld  | out |    1|   ap_vld   |                     res_69_V                     |    pointer   |
|res_70_V         | out |   15|   ap_vld   |                     res_70_V                     |    pointer   |
|res_70_V_ap_vld  | out |    1|   ap_vld   |                     res_70_V                     |    pointer   |
|res_71_V         | out |   15|   ap_vld   |                     res_71_V                     |    pointer   |
|res_71_V_ap_vld  | out |    1|   ap_vld   |                     res_71_V                     |    pointer   |
|res_72_V         | out |   15|   ap_vld   |                     res_72_V                     |    pointer   |
|res_72_V_ap_vld  | out |    1|   ap_vld   |                     res_72_V                     |    pointer   |
|res_73_V         | out |   15|   ap_vld   |                     res_73_V                     |    pointer   |
|res_73_V_ap_vld  | out |    1|   ap_vld   |                     res_73_V                     |    pointer   |
|res_74_V         | out |   15|   ap_vld   |                     res_74_V                     |    pointer   |
|res_74_V_ap_vld  | out |    1|   ap_vld   |                     res_74_V                     |    pointer   |
|res_75_V         | out |   15|   ap_vld   |                     res_75_V                     |    pointer   |
|res_75_V_ap_vld  | out |    1|   ap_vld   |                     res_75_V                     |    pointer   |
|res_76_V         | out |   15|   ap_vld   |                     res_76_V                     |    pointer   |
|res_76_V_ap_vld  | out |    1|   ap_vld   |                     res_76_V                     |    pointer   |
|res_77_V         | out |   15|   ap_vld   |                     res_77_V                     |    pointer   |
|res_77_V_ap_vld  | out |    1|   ap_vld   |                     res_77_V                     |    pointer   |
|res_78_V         | out |   15|   ap_vld   |                     res_78_V                     |    pointer   |
|res_78_V_ap_vld  | out |    1|   ap_vld   |                     res_78_V                     |    pointer   |
|res_79_V         | out |   15|   ap_vld   |                     res_79_V                     |    pointer   |
|res_79_V_ap_vld  | out |    1|   ap_vld   |                     res_79_V                     |    pointer   |
|res_80_V         | out |   15|   ap_vld   |                     res_80_V                     |    pointer   |
|res_80_V_ap_vld  | out |    1|   ap_vld   |                     res_80_V                     |    pointer   |
|res_81_V         | out |   15|   ap_vld   |                     res_81_V                     |    pointer   |
|res_81_V_ap_vld  | out |    1|   ap_vld   |                     res_81_V                     |    pointer   |
|res_82_V         | out |   15|   ap_vld   |                     res_82_V                     |    pointer   |
|res_82_V_ap_vld  | out |    1|   ap_vld   |                     res_82_V                     |    pointer   |
|res_83_V         | out |   15|   ap_vld   |                     res_83_V                     |    pointer   |
|res_83_V_ap_vld  | out |    1|   ap_vld   |                     res_83_V                     |    pointer   |
|res_84_V         | out |   15|   ap_vld   |                     res_84_V                     |    pointer   |
|res_84_V_ap_vld  | out |    1|   ap_vld   |                     res_84_V                     |    pointer   |
|res_85_V         | out |   15|   ap_vld   |                     res_85_V                     |    pointer   |
|res_85_V_ap_vld  | out |    1|   ap_vld   |                     res_85_V                     |    pointer   |
|res_86_V         | out |   15|   ap_vld   |                     res_86_V                     |    pointer   |
|res_86_V_ap_vld  | out |    1|   ap_vld   |                     res_86_V                     |    pointer   |
|res_87_V         | out |   15|   ap_vld   |                     res_87_V                     |    pointer   |
|res_87_V_ap_vld  | out |    1|   ap_vld   |                     res_87_V                     |    pointer   |
|res_88_V         | out |   15|   ap_vld   |                     res_88_V                     |    pointer   |
|res_88_V_ap_vld  | out |    1|   ap_vld   |                     res_88_V                     |    pointer   |
|res_89_V         | out |   15|   ap_vld   |                     res_89_V                     |    pointer   |
|res_89_V_ap_vld  | out |    1|   ap_vld   |                     res_89_V                     |    pointer   |
|res_90_V         | out |   15|   ap_vld   |                     res_90_V                     |    pointer   |
|res_90_V_ap_vld  | out |    1|   ap_vld   |                     res_90_V                     |    pointer   |
|res_91_V         | out |   15|   ap_vld   |                     res_91_V                     |    pointer   |
|res_91_V_ap_vld  | out |    1|   ap_vld   |                     res_91_V                     |    pointer   |
|res_92_V         | out |   15|   ap_vld   |                     res_92_V                     |    pointer   |
|res_92_V_ap_vld  | out |    1|   ap_vld   |                     res_92_V                     |    pointer   |
|res_93_V         | out |   15|   ap_vld   |                     res_93_V                     |    pointer   |
|res_93_V_ap_vld  | out |    1|   ap_vld   |                     res_93_V                     |    pointer   |
|res_94_V         | out |   15|   ap_vld   |                     res_94_V                     |    pointer   |
|res_94_V_ap_vld  | out |    1|   ap_vld   |                     res_94_V                     |    pointer   |
|res_95_V         | out |   15|   ap_vld   |                     res_95_V                     |    pointer   |
|res_95_V_ap_vld  | out |    1|   ap_vld   |                     res_95_V                     |    pointer   |
|res_96_V         | out |   15|   ap_vld   |                     res_96_V                     |    pointer   |
|res_96_V_ap_vld  | out |    1|   ap_vld   |                     res_96_V                     |    pointer   |
|res_97_V         | out |   15|   ap_vld   |                     res_97_V                     |    pointer   |
|res_97_V_ap_vld  | out |    1|   ap_vld   |                     res_97_V                     |    pointer   |
|res_98_V         | out |   15|   ap_vld   |                     res_98_V                     |    pointer   |
|res_98_V_ap_vld  | out |    1|   ap_vld   |                     res_98_V                     |    pointer   |
|res_99_V         | out |   15|   ap_vld   |                     res_99_V                     |    pointer   |
|res_99_V_ap_vld  | out |    1|   ap_vld   |                     res_99_V                     |    pointer   |
+-----------------+-----+-----+------------+--------------------------------------------------+--------------+

